###############################################################################
#                                                                             #
# IAR ELF Linker V6.30.1.53127/W32 for ARM              12/Nov/2014  09:46:51 #
# Copyright 2007-2011 IAR Systems AB.                                         #
#                                                                             #
#    Output file  =  C:\Users\tony.tsou\Desktop\AmTRAN\Projects\15_K2\DevCode #
#                    \2\Projects\S4051A\Output\S4051A\s4051c_app.out          #
#    Map file     =  C:\Users\tony.tsou\Desktop\AmTRAN\Projects\15_K2\DevCode #
#                    \2\Projects\S4051A\EWARM\..\Output\S4051A\Application\Li #
#                    st\s4051c_app.map                                        #
#    Command line =  C:\Users\tony.tsou\Desktop\AmTRAN\Projects\15_K2\DevCode #
#                    \2\Projects\S4051A\Output\S4051A\Application\Obj\Amplifi #
#                    erDeviceManager.o C:\Users\tony.tsou\Desktop\AmTRAN\Proj #
#                    ects\15_K2\DevCode\2\Projects\S4051A\Output\S4051A\Appli #
#                    cation\Obj\App_main.o C:\Users\tony.tsou\Desktop\AmTRAN\ #
#                    Projects\15_K2\DevCode\2\Projects\S4051A\Output\S4051A\A #
#                    pplication\Obj\AudioDeviceManager.o                      #
#                    C:\Users\tony.tsou\Desktop\AmTRAN\Projects\15_K2\DevCode #
#                    \2\Projects\S4051A\Output\S4051A\Application\Obj\AudioSy #
#                    stemHandler.o C:\Users\tony.tsou\Desktop\AmTRAN\Projects #
#                    \15_K2\DevCode\2\Projects\S4051A\Output\S4051A\Applicati #
#                    on\Obj\BTHandler.o C:\Users\tony.tsou\Desktop\AmTRAN\Pro #
#                    jects\15_K2\DevCode\2\Projects\S4051A\Output\S4051A\Appl #
#                    ication\Obj\ButtonCmdDispatcher.o                        #
#                    C:\Users\tony.tsou\Desktop\AmTRAN\Projects\15_K2\DevCode #
#                    \2\Projects\S4051A\Output\S4051A\Application\Obj\ButtonL #
#                    owLevel.o C:\Users\tony.tsou\Desktop\AmTRAN\Projects\15_ #
#                    K2\DevCode\2\Projects\S4051A\Output\S4051A\Application\O #
#                    bj\CS5346_i2c.o C:\Users\tony.tsou\Desktop\AmTRAN\Projec #
#                    ts\15_K2\DevCode\2\Projects\S4051A\Output\S4051A\Applica #
#                    tion\Obj\CS8422_ISR_Handler.o                            #
#                    C:\Users\tony.tsou\Desktop\AmTRAN\Projects\15_K2\DevCode #
#                    \2\Projects\S4051A\Output\S4051A\Application\Obj\CS8422_ #
#                    i2c.o C:\Users\tony.tsou\Desktop\AmTRAN\Projects\15_K2\D #
#                    evCode\2\Projects\S4051A\Output\S4051A\Application\Obj\C #
#                    ardLowLevel.o C:\Users\tony.tsou\Desktop\AmTRAN\Projects #
#                    \15_K2\DevCode\2\Projects\S4051A\Output\S4051A\Applicati #
#                    on\Obj\CardLowLevel_Platform.o                           #
#                    C:\Users\tony.tsou\Desktop\AmTRAN\Projects\15_K2\DevCode #
#                    \2\Projects\S4051A\Output\S4051A\Application\Obj\Command #
#                    sManager.o C:\Users\tony.tsou\Desktop\AmTRAN\Projects\15 #
#                    _K2\DevCode\2\Projects\S4051A\Output\S4051A\Application\ #
#                    Obj\Debug.o C:\Users\tony.tsou\Desktop\AmTRAN\Projects\1 #
#                    5_K2\DevCode\2\Projects\S4051A\Output\S4051A\Application #
#                    \Obj\EepromDriver.o C:\Users\tony.tsou\Desktop\AmTRAN\Pr #
#                    ojects\15_K2\DevCode\2\Projects\S4051A\Output\S4051A\App #
#                    lication\Obj\FactoryCommandHandler.o                     #
#                    C:\Users\tony.tsou\Desktop\AmTRAN\Projects\15_K2\DevCode #
#                    \2\Projects\S4051A\Output\S4051A\Application\Obj\GPIOLow #
#                    Level.o C:\Users\tony.tsou\Desktop\AmTRAN\Projects\15_K2 #
#                    \DevCode\2\Projects\S4051A\Output\S4051A\Application\Obj #
#                    \GPIOMiddleLevel.o C:\Users\tony.tsou\Desktop\AmTRAN\Pro #
#                    jects\15_K2\DevCode\2\Projects\S4051A\Output\S4051A\Appl #
#                    ication\Obj\HMI_Service.o C:\Users\tony.tsou\Desktop\AmT #
#                    RAN\Projects\15_K2\DevCode\2\Projects\S4051A\Output\S405 #
#                    1A\Application\Obj\HT68F30.o                             #
#                    C:\Users\tony.tsou\Desktop\AmTRAN\Projects\15_K2\DevCode #
#                    \2\Projects\S4051A\Output\S4051A\Application\Obj\HT68F30 #
#                    _i2c.o C:\Users\tony.tsou\Desktop\AmTRAN\Projects\15_K2\ #
#                    DevCode\2\Projects\S4051A\Output\S4051A\Application\Obj\ #
#                    I2C1LowLevel.o C:\Users\tony.tsou\Desktop\AmTRAN\Project #
#                    s\15_K2\DevCode\2\Projects\S4051A\Output\S4051A\Applicat #
#                    ion\Obj\I2C2LowLevel.o C:\Users\tony.tsou\Desktop\AmTRAN #
#                    \Projects\15_K2\DevCode\2\Projects\S4051A\Output\S4051A\ #
#                    Application\Obj\IRCmdHandler.o                           #
#                    C:\Users\tony.tsou\Desktop\AmTRAN\Projects\15_K2\DevCode #
#                    \2\Projects\S4051A\Output\S4051A\Application\Obj\IRLowLe #
#                    vel.o C:\Users\tony.tsou\Desktop\AmTRAN\Projects\15_K2\D #
#                    evCode\2\Projects\S4051A\Output\S4051A\Application\Obj\I #
#                    RLowLevelDecoder.o C:\Users\tony.tsou\Desktop\AmTRAN\Pro #
#                    jects\15_K2\DevCode\2\Projects\S4051A\Output\S4051A\Appl #
#                    ication\Obj\PowerHandler.o C:\Users\tony.tsou\Desktop\Am #
#                    TRAN\Projects\15_K2\DevCode\2\Projects\S4051A\Output\S40 #
#                    51A\Application\Obj\RFHandler.o                          #
#                    C:\Users\tony.tsou\Desktop\AmTRAN\Projects\15_K2\DevCode #
#                    \2\Projects\S4051A\Output\S4051A\Application\Obj\SPILowL #
#                    evel.o C:\Users\tony.tsou\Desktop\AmTRAN\Projects\15_K2\ #
#                    DevCode\2\Projects\S4051A\Output\S4051A\Application\Obj\ #
#                    StorageDeviceDriver.o C:\Users\tony.tsou\Desktop\AmTRAN\ #
#                    Projects\15_K2\DevCode\2\Projects\S4051A\Output\S4051A\A #
#                    pplication\Obj\StorageDeviceManager.o                    #
#                    C:\Users\tony.tsou\Desktop\AmTRAN\Projects\15_K2\DevCode #
#                    \2\Projects\S4051A\Output\S4051A\Application\Obj\SystemD #
#                    efaultParams.o C:\Users\tony.tsou\Desktop\AmTRAN\Project #
#                    s\15_K2\DevCode\2\Projects\S4051A\Output\S4051A\Applicat #
#                    ion\Obj\TAS5713.o C:\Users\tony.tsou\Desktop\AmTRAN\Proj #
#                    ects\15_K2\DevCode\2\Projects\S4051A\Output\S4051A\Appli #
#                    cation\Obj\TAS5713_i2c.o C:\Users\tony.tsou\Desktop\AmTR #
#                    AN\Projects\15_K2\DevCode\2\Projects\S4051A\Output\S4051 #
#                    A\Application\Obj\TAS5727.o                              #
#                    C:\Users\tony.tsou\Desktop\AmTRAN\Projects\15_K2\DevCode #
#                    \2\Projects\S4051A\Output\S4051A\Application\Obj\TAS5727 #
#                    _i2c.o C:\Users\tony.tsou\Desktop\AmTRAN\Projects\15_K2\ #
#                    DevCode\2\Projects\S4051A\Output\S4051A\Application\Obj\ #
#                    UARTCmdDispatcher.o C:\Users\tony.tsou\Desktop\AmTRAN\Pr #
#                    ojects\15_K2\DevCode\2\Projects\S4051A\Output\S4051A\App #
#                    lication\Obj\UART_LowLevel.o                             #
#                    C:\Users\tony.tsou\Desktop\AmTRAN\Projects\15_K2\DevCode #
#                    \2\Projects\S4051A\Output\S4051A\Application\Obj\UIDevic #
#                    eManager.o C:\Users\tony.tsou\Desktop\AmTRAN\Projects\15 #
#                    _K2\DevCode\2\Projects\S4051A\Output\S4051A\Application\ #
#                    Obj\VirtualTimer.o C:\Users\tony.tsou\Desktop\AmTRAN\Pro #
#                    jects\15_K2\DevCode\2\Projects\S4051A\Output\S4051A\Appl #
#                    ication\Obj\buildtime.o C:\Users\tony.tsou\Desktop\AmTRA #
#                    N\Projects\15_K2\DevCode\2\Projects\S4051A\Output\S4051A #
#                    \Application\Obj\croutine.o                              #
#                    C:\Users\tony.tsou\Desktop\AmTRAN\Projects\15_K2\DevCode #
#                    \2\Projects\S4051A\Output\S4051A\Application\Obj\cs49844 #
#                    .o C:\Users\tony.tsou\Desktop\AmTRAN\Projects\15_K2\DevC #
#                    ode\2\Projects\S4051A\Output\S4051A\Application\Obj\cs49 #
#                    844_spi.o C:\Users\tony.tsou\Desktop\AmTRAN\Projects\15_ #
#                    K2\DevCode\2\Projects\S4051A\Output\S4051A\Application\O #
#                    bj\cs5346.o C:\Users\tony.tsou\Desktop\AmTRAN\Projects\1 #
#                    5_K2\DevCode\2\Projects\S4051A\Output\S4051A\Application #
#                    \Obj\cs8422.o C:\Users\tony.tsou\Desktop\AmTRAN\Projects #
#                    \15_K2\DevCode\2\Projects\S4051A\Output\S4051A\Applicati #
#                    on\Obj\dir.o C:\Users\tony.tsou\Desktop\AmTRAN\Projects\ #
#                    15_K2\DevCode\2\Projects\S4051A\Output\S4051A\Applicatio #
#                    n\Obj\disc.o C:\Users\tony.tsou\Desktop\AmTRAN\Projects\ #
#                    15_K2\DevCode\2\Projects\S4051A\Output\S4051A\Applicatio #
#                    n\Obj\efs.o C:\Users\tony.tsou\Desktop\AmTRAN\Projects\1 #
#                    5_K2\DevCode\2\Projects\S4051A\Output\S4051A\Application #
#                    \Obj\event_groups.o C:\Users\tony.tsou\Desktop\AmTRAN\Pr #
#                    ojects\15_K2\DevCode\2\Projects\S4051A\Output\S4051A\App #
#                    lication\Obj\ext_flash_driver.o                          #
#                    C:\Users\tony.tsou\Desktop\AmTRAN\Projects\15_K2\DevCode #
#                    \2\Projects\S4051A\Output\S4051A\Application\Obj\extract #
#                    .o C:\Users\tony.tsou\Desktop\AmTRAN\Projects\15_K2\DevC #
#                    ode\2\Projects\S4051A\Output\S4051A\Application\Obj\fat. #
#                    o C:\Users\tony.tsou\Desktop\AmTRAN\Projects\15_K2\DevCo #
#                    de\2\Projects\S4051A\Output\S4051A\Application\Obj\fatti #
#                    me.o C:\Users\tony.tsou\Desktop\AmTRAN\Projects\15_K2\De #
#                    vCode\2\Projects\S4051A\Output\S4051A\Application\Obj\ff #
#                    .o C:\Users\tony.tsou\Desktop\AmTRAN\Projects\15_K2\DevC #
#                    ode\2\Projects\S4051A\Output\S4051A\Application\Obj\file #
#                    .o C:\Users\tony.tsou\Desktop\AmTRAN\Projects\15_K2\DevC #
#                    ode\2\Projects\S4051A\Output\S4051A\Application\Obj\fs.o #
#                     C:\Users\tony.tsou\Desktop\AmTRAN\Projects\15_K2\DevCod #
#                    e\2\Projects\S4051A\Output\S4051A\Application\Obj\heap_2 #
#                    .o C:\Users\tony.tsou\Desktop\AmTRAN\Projects\15_K2\DevC #
#                    ode\2\Projects\S4051A\Output\S4051A\Application\Obj\ioma #
#                    n.o C:\Users\tony.tsou\Desktop\AmTRAN\Projects\15_K2\Dev #
#                    Code\2\Projects\S4051A\Output\S4051A\Application\Obj\lis #
#                    t.o C:\Users\tony.tsou\Desktop\AmTRAN\Projects\15_K2\Dev #
#                    Code\2\Projects\S4051A\Output\S4051A\Application\Obj\ls. #
#                    o C:\Users\tony.tsou\Desktop\AmTRAN\Projects\15_K2\DevCo #
#                    de\2\Projects\S4051A\Output\S4051A\Application\Obj\misc. #
#                    o C:\Users\tony.tsou\Desktop\AmTRAN\Projects\15_K2\DevCo #
#                    de\2\Projects\S4051A\Output\S4051A\Application\Obj\mkfs. #
#                    o C:\Users\tony.tsou\Desktop\AmTRAN\Projects\15_K2\DevCo #
#                    de\2\Projects\S4051A\Output\S4051A\Application\Obj\parti #
#                    tion.o C:\Users\tony.tsou\Desktop\AmTRAN\Projects\15_K2\ #
#                    DevCode\2\Projects\S4051A\Output\S4051A\Application\Obj\ #
#                    plibc.o C:\Users\tony.tsou\Desktop\AmTRAN\Projects\15_K2 #
#                    \DevCode\2\Projects\S4051A\Output\S4051A\Application\Obj #
#                    \port.o C:\Users\tony.tsou\Desktop\AmTRAN\Projects\15_K2 #
#                    \DevCode\2\Projects\S4051A\Output\S4051A\Application\Obj #
#                    \portasm.o C:\Users\tony.tsou\Desktop\AmTRAN\Projects\15 #
#                    _K2\DevCode\2\Projects\S4051A\Output\S4051A\Application\ #
#                    Obj\queue.o C:\Users\tony.tsou\Desktop\AmTRAN\Projects\1 #
#                    5_K2\DevCode\2\Projects\S4051A\Output\S4051A\Application #
#                    \Obj\si_audio_component.o C:\Users\tony.tsou\Desktop\AmT #
#                    RAN\Projects\15_K2\DevCode\2\Projects\S4051A\Output\S405 #
#                    1A\Application\Obj\si_cbus_component.o                   #
#                    C:\Users\tony.tsou\Desktop\AmTRAN\Projects\15_K2\DevCode #
#                    \2\Projects\S4051A\Output\S4051A\Application\Obj\si_cbus #
#                    _rcp_parse.o C:\Users\tony.tsou\Desktop\AmTRAN\Projects\ #
#                    15_K2\DevCode\2\Projects\S4051A\Output\S4051A\Applicatio #
#                    n\Obj\si_cdc_component.o C:\Users\tony.tsou\Desktop\AmTR #
#                    AN\Projects\15_K2\DevCode\2\Projects\S4051A\Output\S4051 #
#                    A\Application\Obj\si_cdc_heac.o                          #
#                    C:\Users\tony.tsou\Desktop\AmTRAN\Projects\15_K2\DevCode #
#                    \2\Projects\S4051A\Output\S4051A\Application\Obj\si_cdc_ #
#                    main.o C:\Users\tony.tsou\Desktop\AmTRAN\Projects\15_K2\ #
#                    DevCode\2\Projects\S4051A\Output\S4051A\Application\Obj\ #
#                    si_cec_component.o C:\Users\tony.tsou\Desktop\AmTRAN\Pro #
#                    jects\15_K2\DevCode\2\Projects\S4051A\Output\S4051A\Appl #
#                    ication\Obj\si_cec_controller.o                          #
#                    C:\Users\tony.tsou\Desktop\AmTRAN\Projects\15_K2\DevCode #
#                    \2\Projects\S4051A\Output\S4051A\Application\Obj\si_cec_ #
#                    rx.o C:\Users\tony.tsou\Desktop\AmTRAN\Projects\15_K2\De #
#                    vCode\2\Projects\S4051A\Output\S4051A\Application\Obj\si #
#                    _cec_switch_api.o C:\Users\tony.tsou\Desktop\AmTRAN\Proj #
#                    ects\15_K2\DevCode\2\Projects\S4051A\Output\S4051A\Appli #
#                    cation\Obj\si_cec_timer.o C:\Users\tony.tsou\Desktop\AmT #
#                    RAN\Projects\15_K2\DevCode\2\Projects\S4051A\Output\S405 #
#                    1A\Application\Obj\si_cec_tx.o                           #
#                    C:\Users\tony.tsou\Desktop\AmTRAN\Projects\15_K2\DevCode #
#                    \2\Projects\S4051A\Output\S4051A\Application\Obj\si_conn #
#                    ection_monitor.o C:\Users\tony.tsou\Desktop\AmTRAN\Proje #
#                    cts\15_K2\DevCode\2\Projects\S4051A\Output\S4051A\Applic #
#                    ation\Obj\si_cra.o C:\Users\tony.tsou\Desktop\AmTRAN\Pro #
#                    jects\15_K2\DevCode\2\Projects\S4051A\Output\S4051A\Appl #
#                    ication\Obj\si_cra_cfg.o C:\Users\tony.tsou\Desktop\AmTR #
#                    AN\Projects\15_K2\DevCode\2\Projects\S4051A\Output\S4051 #
#                    A\Application\Obj\si_drv_3dgpio.o                        #
#                    C:\Users\tony.tsou\Desktop\AmTRAN\Projects\15_K2\DevCode #
#                    \2\Projects\S4051A\Output\S4051A\Application\Obj\si_drv_ #
#                    arc.o C:\Users\tony.tsou\Desktop\AmTRAN\Projects\15_K2\D #
#                    evCode\2\Projects\S4051A\Output\S4051A\Application\Obj\s #
#                    i_drv_audio.o C:\Users\tony.tsou\Desktop\AmTRAN\Projects #
#                    \15_K2\DevCode\2\Projects\S4051A\Output\S4051A\Applicati #
#                    on\Obj\si_drv_audio_mix.o C:\Users\tony.tsou\Desktop\AmT #
#                    RAN\Projects\15_K2\DevCode\2\Projects\S4051A\Output\S405 #
#                    1A\Application\Obj\si_drv_cbus.o                         #
#                    C:\Users\tony.tsou\Desktop\AmTRAN\Projects\15_K2\DevCode #
#                    \2\Projects\S4051A\Output\S4051A\Application\Obj\si_drv_ #
#                    cbus_main.o C:\Users\tony.tsou\Desktop\AmTRAN\Projects\1 #
#                    5_K2\DevCode\2\Projects\S4051A\Output\S4051A\Application #
#                    \Obj\si_drv_cpi.o C:\Users\tony.tsou\Desktop\AmTRAN\Proj #
#                    ects\15_K2\DevCode\2\Projects\S4051A\Output\S4051A\Appli #
#                    cation\Obj\si_drv_edid_rx.o                              #
#                    C:\Users\tony.tsou\Desktop\AmTRAN\Projects\15_K2\DevCode #
#                    \2\Projects\S4051A\Output\S4051A\Application\Obj\si_drv_ #
#                    gpio.o C:\Users\tony.tsou\Desktop\AmTRAN\Projects\15_K2\ #
#                    DevCode\2\Projects\S4051A\Output\S4051A\Application\Obj\ #
#                    si_drv_ipv.o C:\Users\tony.tsou\Desktop\AmTRAN\Projects\ #
#                    15_K2\DevCode\2\Projects\S4051A\Output\S4051A\Applicatio #
#                    n\Obj\si_drv_msw.o C:\Users\tony.tsou\Desktop\AmTRAN\Pro #
#                    jects\15_K2\DevCode\2\Projects\S4051A\Output\S4051A\Appl #
#                    ication\Obj\si_drv_msw_hpd.o                             #
#                    C:\Users\tony.tsou\Desktop\AmTRAN\Projects\15_K2\DevCode #
#                    \2\Projects\S4051A\Output\S4051A\Application\Obj\si_drv_ #
#                    msw_info.o C:\Users\tony.tsou\Desktop\AmTRAN\Projects\15 #
#                    _K2\DevCode\2\Projects\S4051A\Output\S4051A\Application\ #
#                    Obj\si_drv_nvram_sram.o C:\Users\tony.tsou\Desktop\AmTRA #
#                    N\Projects\15_K2\DevCode\2\Projects\S4051A\Output\S4051A #
#                    \Application\Obj\si_drv_osd.o                            #
#                    C:\Users\tony.tsou\Desktop\AmTRAN\Projects\15_K2\DevCode #
#                    \2\Projects\S4051A\Output\S4051A\Application\Obj\si_drv_ #
#                    osd_ram.o C:\Users\tony.tsou\Desktop\AmTRAN\Projects\15_ #
#                    K2\DevCode\2\Projects\S4051A\Output\S4051A\Application\O #
#                    bj\si_drv_osd_resource.o C:\Users\tony.tsou\Desktop\AmTR #
#                    AN\Projects\15_K2\DevCode\2\Projects\S4051A\Output\S4051 #
#                    A\Application\Obj\si_drv_osd_spi.o                       #
#                    C:\Users\tony.tsou\Desktop\AmTRAN\Projects\15_K2\DevCode #
#                    \2\Projects\S4051A\Output\S4051A\Application\Obj\si_drv_ #
#                    osd_window.o C:\Users\tony.tsou\Desktop\AmTRAN\Projects\ #
#                    15_K2\DevCode\2\Projects\S4051A\Output\S4051A\Applicatio #
#                    n\Obj\si_drv_repeater.o C:\Users\tony.tsou\Desktop\AmTRA #
#                    N\Projects\15_K2\DevCode\2\Projects\S4051A\Output\S4051A #
#                    \Application\Obj\si_drv_repeater_sha.o                   #
#                    C:\Users\tony.tsou\Desktop\AmTRAN\Projects\15_K2\DevCode #
#                    \2\Projects\S4051A\Output\S4051A\Application\Obj\si_drv_ #
#                    sii953x.o C:\Users\tony.tsou\Desktop\AmTRAN\Projects\15_ #
#                    K2\DevCode\2\Projects\S4051A\Output\S4051A\Application\O #
#                    bj\si_drv_tpg.o C:\Users\tony.tsou\Desktop\AmTRAN\Projec #
#                    ts\15_K2\DevCode\2\Projects\S4051A\Output\S4051A\Applica #
#                    tion\Obj\si_drv_tpi_access.o                             #
#                    C:\Users\tony.tsou\Desktop\AmTRAN\Projects\15_K2\DevCode #
#                    \2\Projects\S4051A\Output\S4051A\Application\Obj\si_drv_ #
#                    tpi_ddc_access.o C:\Users\tony.tsou\Desktop\AmTRAN\Proje #
#                    cts\15_K2\DevCode\2\Projects\S4051A\Output\S4051A\Applic #
#                    ation\Obj\si_drv_tpi_system.o                            #
#                    C:\Users\tony.tsou\Desktop\AmTRAN\Projects\15_K2\DevCode #
#                    \2\Projects\S4051A\Output\S4051A\Application\Obj\si_edid #
#                    _black_list.o C:\Users\tony.tsou\Desktop\AmTRAN\Projects #
#                    \15_K2\DevCode\2\Projects\S4051A\Output\S4051A\Applicati #
#                    on\Obj\si_edid_tx_analyzer.o                             #
#                    C:\Users\tony.tsou\Desktop\AmTRAN\Projects\15_K2\DevCode #
#                    \2\Projects\S4051A\Output\S4051A\Application\Obj\si_edid #
#                    _tx_component.o C:\Users\tony.tsou\Desktop\AmTRAN\Projec #
#                    ts\15_K2\DevCode\2\Projects\S4051A\Output\S4051A\Applica #
#                    tion\Obj\si_edid_tx_composer.o                           #
#                    C:\Users\tony.tsou\Desktop\AmTRAN\Projects\15_K2\DevCode #
#                    \2\Projects\S4051A\Output\S4051A\Application\Obj\si_edid #
#                    _tx_converter.o C:\Users\tony.tsou\Desktop\AmTRAN\Projec #
#                    ts\15_K2\DevCode\2\Projects\S4051A\Output\S4051A\Applica #
#                    tion\Obj\si_edid_tx_decode_h.o                           #
#                    C:\Users\tony.tsou\Desktop\AmTRAN\Projects\15_K2\DevCode #
#                    \2\Projects\S4051A\Output\S4051A\Application\Obj\si_edid #
#                    _tx_decode_l.o C:\Users\tony.tsou\Desktop\AmTRAN\Project #
#                    s\15_K2\DevCode\2\Projects\S4051A\Output\S4051A\Applicat #
#                    ion\Obj\si_edid_tx_fmf.o C:\Users\tony.tsou\Desktop\AmTR #
#                    AN\Projects\15_K2\DevCode\2\Projects\S4051A\Output\S4051 #
#                    A\Application\Obj\si_edid_tx_scaler.o                    #
#                    C:\Users\tony.tsou\Desktop\AmTRAN\Projects\15_K2\DevCode #
#                    \2\Projects\S4051A\Output\S4051A\Application\Obj\si_edid #
#                    _tx_tables.o C:\Users\tony.tsou\Desktop\AmTRAN\Projects\ #
#                    15_K2\DevCode\2\Projects\S4051A\Output\S4051A\Applicatio #
#                    n\Obj\si_eeprom.o C:\Users\tony.tsou\Desktop\AmTRAN\Proj #
#                    ects\15_K2\DevCode\2\Projects\S4051A\Output\S4051A\Appli #
#                    cation\Obj\si_gpio.o C:\Users\tony.tsou\Desktop\AmTRAN\P #
#                    rojects\15_K2\DevCode\2\Projects\S4051A\Output\S4051A\Ap #
#                    plication\Obj\si_i2c.o C:\Users\tony.tsou\Desktop\AmTRAN #
#                    \Projects\15_K2\DevCode\2\Projects\S4051A\Output\S4051A\ #
#                    Application\Obj\si_ipv_component.o                       #
#                    C:\Users\tony.tsou\Desktop\AmTRAN\Projects\15_K2\DevCode #
#                    \2\Projects\S4051A\Output\S4051A\Application\Obj\si_ipv_ #
#                    data.o C:\Users\tony.tsou\Desktop\AmTRAN\Projects\15_K2\ #
#                    DevCode\2\Projects\S4051A\Output\S4051A\Application\Obj\ #
#                    si_osal_timer.o C:\Users\tony.tsou\Desktop\AmTRAN\Projec #
#                    ts\15_K2\DevCode\2\Projects\S4051A\Output\S4051A\Applica #
#                    tion\Obj\si_osd_component.o                              #
#                    C:\Users\tony.tsou\Desktop\AmTRAN\Projects\15_K2\DevCode #
#                    \2\Projects\S4051A\Output\S4051A\Application\Obj\si_osd_ #
#                    handler.o C:\Users\tony.tsou\Desktop\AmTRAN\Projects\15_ #
#                    K2\DevCode\2\Projects\S4051A\Output\S4051A\Application\O #
#                    bj\si_osd_resource.res.o C:\Users\tony.tsou\Desktop\AmTR #
#                    AN\Projects\15_K2\DevCode\2\Projects\S4051A\Output\S4051 #
#                    A\Application\Obj\si_osd_win_listbox.o                   #
#                    C:\Users\tony.tsou\Desktop\AmTRAN\Projects\15_K2\DevCode #
#                    \2\Projects\S4051A\Output\S4051A\Application\Obj\si_osd_ #
#                    win_menu.o C:\Users\tony.tsou\Desktop\AmTRAN\Projects\15 #
#                    _K2\DevCode\2\Projects\S4051A\Output\S4051A\Application\ #
#                    Obj\si_osd_win_msgbox.o C:\Users\tony.tsou\Desktop\AmTRA #
#                    N\Projects\15_K2\DevCode\2\Projects\S4051A\Output\S4051A #
#                    \Application\Obj\si_osd_window.o                         #
#                    C:\Users\tony.tsou\Desktop\AmTRAN\Projects\15_K2\DevCode #
#                    \2\Projects\S4051A\Output\S4051A\Application\Obj\si_plat #
#                    form.o C:\Users\tony.tsou\Desktop\AmTRAN\Projects\15_K2\ #
#                    DevCode\2\Projects\S4051A\Output\S4051A\Application\Obj\ #
#                    si_repeater_component.o C:\Users\tony.tsou\Desktop\AmTRA #
#                    N\Projects\15_K2\DevCode\2\Projects\S4051A\Output\S4051A #
#                    \Application\Obj\si_repeater_isr.o                       #
#                    C:\Users\tony.tsou\Desktop\AmTRAN\Projects\15_K2\DevCode #
#                    \2\Projects\S4051A\Output\S4051A\Application\Obj\si_repe #
#                    ater_sha.o C:\Users\tony.tsou\Desktop\AmTRAN\Projects\15 #
#                    _K2\DevCode\2\Projects\S4051A\Output\S4051A\Application\ #
#                    Obj\si_rtpi_cbus.o C:\Users\tony.tsou\Desktop\AmTRAN\Pro #
#                    jects\15_K2\DevCode\2\Projects\S4051A\Output\S4051A\Appl #
#                    ication\Obj\si_rtpi_cec.o C:\Users\tony.tsou\Desktop\AmT #
#                    RAN\Projects\15_K2\DevCode\2\Projects\S4051A\Output\S405 #
#                    1A\Application\Obj\si_rtpi_component.o                   #
#                    C:\Users\tony.tsou\Desktop\AmTRAN\Projects\15_K2\DevCode #
#                    \2\Projects\S4051A\Output\S4051A\Application\Obj\si_rtpi #
#                    _default_reg.o C:\Users\tony.tsou\Desktop\AmTRAN\Project #
#                    s\15_K2\DevCode\2\Projects\S4051A\Output\S4051A\Applicat #
#                    ion\Obj\si_rtpi_register_functions.o                     #
#                    C:\Users\tony.tsou\Desktop\AmTRAN\Projects\15_K2\DevCode #
#                    \2\Projects\S4051A\Output\S4051A\Application\Obj\si_sac_ #
#                    main.o C:\Users\tony.tsou\Desktop\AmTRAN\Projects\15_K2\ #
#                    DevCode\2\Projects\S4051A\Output\S4051A\Application\Obj\ #
#                    si_sac_msg.o C:\Users\tony.tsou\Desktop\AmTRAN\Projects\ #
#                    15_K2\DevCode\2\Projects\S4051A\Output\S4051A\Applicatio #
#                    n\Obj\si_thx_component.o C:\Users\tony.tsou\Desktop\AmTR #
#                    AN\Projects\15_K2\DevCode\2\Projects\S4051A\Output\S4051 #
#                    A\Application\Obj\si_timer.o                             #
#                    C:\Users\tony.tsou\Desktop\AmTRAN\Projects\15_K2\DevCode #
#                    \2\Projects\S4051A\Output\S4051A\Application\Obj\si_tx_a #
#                    udio.o C:\Users\tony.tsou\Desktop\AmTRAN\Projects\15_K2\ #
#                    DevCode\2\Projects\S4051A\Output\S4051A\Application\Obj\ #
#                    si_tx_avi.o C:\Users\tony.tsou\Desktop\AmTRAN\Projects\1 #
#                    5_K2\DevCode\2\Projects\S4051A\Output\S4051A\Application #
#                    \Obj\si_tx_component.o C:\Users\tony.tsou\Desktop\AmTRAN #
#                    \Projects\15_K2\DevCode\2\Projects\S4051A\Output\S4051A\ #
#                    Application\Obj\si_tx_hdcp.o                             #
#                    C:\Users\tony.tsou\Desktop\AmTRAN\Projects\15_K2\DevCode #
#                    \2\Projects\S4051A\Output\S4051A\Application\Obj\si_tx_i #
#                    nfo_frm.o C:\Users\tony.tsou\Desktop\AmTRAN\Projects\15_ #
#                    K2\DevCode\2\Projects\S4051A\Output\S4051A\Application\O #
#                    bj\si_tx_video.o C:\Users\tony.tsou\Desktop\AmTRAN\Proje #
#                    cts\15_K2\DevCode\2\Projects\S4051A\Output\S4051A\Applic #
#                    ation\Obj\si_video_tables.o                              #
#                    C:\Users\tony.tsou\Desktop\AmTRAN\Projects\15_K2\DevCode #
#                    \2\Projects\S4051A\Output\S4051A\Application\Obj\sk953x_ #
#                    avr_repeater.o C:\Users\tony.tsou\Desktop\AmTRAN\Project #
#                    s\15_K2\DevCode\2\Projects\S4051A\Output\S4051A\Applicat #
#                    ion\Obj\sk_app_arc.o C:\Users\tony.tsou\Desktop\AmTRAN\P #
#                    rojects\15_K2\DevCode\2\Projects\S4051A\Output\S4051A\Ap #
#                    plication\Obj\sk_app_arc_demo.o                          #
#                    C:\Users\tony.tsou\Desktop\AmTRAN\Projects\15_K2\DevCode #
#                    \2\Projects\S4051A\Output\S4051A\Application\Obj\sk_app_ #
#                    audio_rx.o C:\Users\tony.tsou\Desktop\AmTRAN\Projects\15 #
#                    _K2\DevCode\2\Projects\S4051A\Output\S4051A\Application\ #
#                    Obj\sk_app_btst.o C:\Users\tony.tsou\Desktop\AmTRAN\Proj #
#                    ects\15_K2\DevCode\2\Projects\S4051A\Output\S4051A\Appli #
#                    cation\Obj\sk_app_cbus.o C:\Users\tony.tsou\Desktop\AmTR #
#                    AN\Projects\15_K2\DevCode\2\Projects\S4051A\Output\S4051 #
#                    A\Application\Obj\sk_app_cbus_cec.o                      #
#                    C:\Users\tony.tsou\Desktop\AmTRAN\Projects\15_K2\DevCode #
#                    \2\Projects\S4051A\Output\S4051A\Application\Obj\sk_app_ #
#                    cbus_demo.o C:\Users\tony.tsou\Desktop\AmTRAN\Projects\1 #
#                    5_K2\DevCode\2\Projects\S4051A\Output\S4051A\Application #
#                    \Obj\sk_app_cbus_wake_sequence.o                         #
#                    C:\Users\tony.tsou\Desktop\AmTRAN\Projects\15_K2\DevCode #
#                    \2\Projects\S4051A\Output\S4051A\Application\Obj\sk_app_ #
#                    cdc.o C:\Users\tony.tsou\Desktop\AmTRAN\Projects\15_K2\D #
#                    evCode\2\Projects\S4051A\Output\S4051A\Application\Obj\s #
#                    k_app_cdc_demo.o C:\Users\tony.tsou\Desktop\AmTRAN\Proje #
#                    cts\15_K2\DevCode\2\Projects\S4051A\Output\S4051A\Applic #
#                    ation\Obj\sk_app_cec.o C:\Users\tony.tsou\Desktop\AmTRAN #
#                    \Projects\15_K2\DevCode\2\Projects\S4051A\Output\S4051A\ #
#                    Application\Obj\sk_app_cec_demo.o                        #
#                    C:\Users\tony.tsou\Desktop\AmTRAN\Projects\15_K2\DevCode #
#                    \2\Projects\S4051A\Output\S4051A\Application\Obj\sk_app_ #
#                    cec_logger.o C:\Users\tony.tsou\Desktop\AmTRAN\Projects\ #
#                    15_K2\DevCode\2\Projects\S4051A\Output\S4051A\Applicatio #
#                    n\Obj\sk_app_demo.o C:\Users\tony.tsou\Desktop\AmTRAN\Pr #
#                    ojects\15_K2\DevCode\2\Projects\S4051A\Output\S4051A\App #
#                    lication\Obj\sk_app_device.o                             #
#                    C:\Users\tony.tsou\Desktop\AmTRAN\Projects\15_K2\DevCode #
#                    \2\Projects\S4051A\Output\S4051A\Application\Obj\sk_app_ #
#                    diag.o C:\Users\tony.tsou\Desktop\AmTRAN\Projects\15_K2\ #
#                    DevCode\2\Projects\S4051A\Output\S4051A\Application\Obj\ #
#                    sk_app_edid.o C:\Users\tony.tsou\Desktop\AmTRAN\Projects #
#                    \15_K2\DevCode\2\Projects\S4051A\Output\S4051A\Applicati #
#                    on\Obj\sk_app_ediddata.o C:\Users\tony.tsou\Desktop\AmTR #
#                    AN\Projects\15_K2\DevCode\2\Projects\S4051A\Output\S4051 #
#                    A\Application\Obj\sk_app_emu_main.o                      #
#                    C:\Users\tony.tsou\Desktop\AmTRAN\Projects\15_K2\DevCode #
#                    \2\Projects\S4051A\Output\S4051A\Application\Obj\sk_app_ #
#                    gpio.o C:\Users\tony.tsou\Desktop\AmTRAN\Projects\15_K2\ #
#                    DevCode\2\Projects\S4051A\Output\S4051A\Application\Obj\ #
#                    sk_app_infrared.o C:\Users\tony.tsou\Desktop\AmTRAN\Proj #
#                    ects\15_K2\DevCode\2\Projects\S4051A\Output\S4051A\Appli #
#                    cation\Obj\sk_app_ipv.o C:\Users\tony.tsou\Desktop\AmTRA #
#                    N\Projects\15_K2\DevCode\2\Projects\S4051A\Output\S4051A #
#                    \Application\Obj\sk_app_ipv_demo.o                       #
#                    C:\Users\tony.tsou\Desktop\AmTRAN\Projects\15_K2\DevCode #
#                    \2\Projects\S4051A\Output\S4051A\Application\Obj\sk_app_ #
#                    msw_demo.o C:\Users\tony.tsou\Desktop\AmTRAN\Projects\15 #
#                    _K2\DevCode\2\Projects\S4051A\Output\S4051A\Application\ #
#                    Obj\sk_app_repeater.o C:\Users\tony.tsou\Desktop\AmTRAN\ #
#                    Projects\15_K2\DevCode\2\Projects\S4051A\Output\S4051A\A #
#                    pplication\Obj\sk_app_setup.o                            #
#                    C:\Users\tony.tsou\Desktop\AmTRAN\Projects\15_K2\DevCode #
#                    \2\Projects\S4051A\Output\S4051A\Application\Obj\sk_app_ #
#                    support.o C:\Users\tony.tsou\Desktop\AmTRAN\Projects\15_ #
#                    K2\DevCode\2\Projects\S4051A\Output\S4051A\Application\O #
#                    bj\sk_app_switch.o C:\Users\tony.tsou\Desktop\AmTRAN\Pro #
#                    jects\15_K2\DevCode\2\Projects\S4051A\Output\S4051A\Appl #
#                    ication\Obj\sk_app_thx.o C:\Users\tony.tsou\Desktop\AmTR #
#                    AN\Projects\15_K2\DevCode\2\Projects\S4051A\Output\S4051 #
#                    A\Application\Obj\sk_app_tv.o                            #
#                    C:\Users\tony.tsou\Desktop\AmTRAN\Projects\15_K2\DevCode #
#                    \2\Projects\S4051A\Output\S4051A\Application\Obj\sk_app_ #
#                    tx.o C:\Users\tony.tsou\Desktop\AmTRAN\Projects\15_K2\De #
#                    vCode\2\Projects\S4051A\Output\S4051A\Application\Obj\st #
#                    artup_stm32f411xe.o C:\Users\tony.tsou\Desktop\AmTRAN\Pr #
#                    ojects\15_K2\DevCode\2\Projects\S4051A\Output\S4051A\App #
#                    lication\Obj\stm32f4xx_dma.o                             #
#                    C:\Users\tony.tsou\Desktop\AmTRAN\Projects\15_K2\DevCode #
#                    \2\Projects\S4051A\Output\S4051A\Application\Obj\stm32f4 #
#                    xx_exti.o C:\Users\tony.tsou\Desktop\AmTRAN\Projects\15_ #
#                    K2\DevCode\2\Projects\S4051A\Output\S4051A\Application\O #
#                    bj\stm32f4xx_gpio.o C:\Users\tony.tsou\Desktop\AmTRAN\Pr #
#                    ojects\15_K2\DevCode\2\Projects\S4051A\Output\S4051A\App #
#                    lication\Obj\stm32f4xx_i2c.o                             #
#                    C:\Users\tony.tsou\Desktop\AmTRAN\Projects\15_K2\DevCode #
#                    \2\Projects\S4051A\Output\S4051A\Application\Obj\stm32f4 #
#                    xx_it.o C:\Users\tony.tsou\Desktop\AmTRAN\Projects\15_K2 #
#                    \DevCode\2\Projects\S4051A\Output\S4051A\Application\Obj #
#                    \stm32f4xx_rcc.o C:\Users\tony.tsou\Desktop\AmTRAN\Proje #
#                    cts\15_K2\DevCode\2\Projects\S4051A\Output\S4051A\Applic #
#                    ation\Obj\stm32f4xx_spi.o C:\Users\tony.tsou\Desktop\AmT #
#                    RAN\Projects\15_K2\DevCode\2\Projects\S4051A\Output\S405 #
#                    1A\Application\Obj\stm32f4xx_syscfg.o                    #
#                    C:\Users\tony.tsou\Desktop\AmTRAN\Projects\15_K2\DevCode #
#                    \2\Projects\S4051A\Output\S4051A\Application\Obj\stm32f4 #
#                    xx_tim.o C:\Users\tony.tsou\Desktop\AmTRAN\Projects\15_K #
#                    2\DevCode\2\Projects\S4051A\Output\S4051A\Application\Ob #
#                    j\stm32f4xx_usart.o C:\Users\tony.tsou\Desktop\AmTRAN\Pr #
#                    ojects\15_K2\DevCode\2\Projects\S4051A\Output\S4051A\App #
#                    lication\Obj\system_stm32f4xx.o                          #
#                    C:\Users\tony.tsou\Desktop\AmTRAN\Projects\15_K2\DevCode #
#                    \2\Projects\S4051A\Output\S4051A\Application\Obj\tasks.o #
#                     C:\Users\tony.tsou\Desktop\AmTRAN\Projects\15_K2\DevCod #
#                    e\2\Projects\S4051A\Output\S4051A\Application\Obj\time.o #
#                     C:\Users\tony.tsou\Desktop\AmTRAN\Projects\15_K2\DevCod #
#                    e\2\Projects\S4051A\Output\S4051A\Application\Obj\timers #
#                    .o C:\Users\tony.tsou\Desktop\AmTRAN\Projects\15_K2\DevC #
#                    ode\2\Projects\S4051A\Output\S4051A\Application\Obj\ui.o #
#                     C:\Users\tony.tsou\Desktop\AmTRAN\Projects\15_K2\DevCod #
#                    e\2\Projects\S4051A\Output\S4051A\Application\Obj\usb_bs #
#                    p.o C:\Users\tony.tsou\Desktop\AmTRAN\Projects\15_K2\Dev #
#                    Code\2\Projects\S4051A\Output\S4051A\Application\Obj\usb #
#                    _core.o C:\Users\tony.tsou\Desktop\AmTRAN\Projects\15_K2 #
#                    \DevCode\2\Projects\S4051A\Output\S4051A\Application\Obj #
#                    \usb_dcd.o C:\Users\tony.tsou\Desktop\AmTRAN\Projects\15 #
#                    _K2\DevCode\2\Projects\S4051A\Output\S4051A\Application\ #
#                    Obj\usb_dcd_int.o C:\Users\tony.tsou\Desktop\AmTRAN\Proj #
#                    ects\15_K2\DevCode\2\Projects\S4051A\Output\S4051A\Appli #
#                    cation\Obj\usb_hcd.o C:\Users\tony.tsou\Desktop\AmTRAN\P #
#                    rojects\15_K2\DevCode\2\Projects\S4051A\Output\S4051A\Ap #
#                    plication\Obj\usb_hcd_int.o                              #
#                    C:\Users\tony.tsou\Desktop\AmTRAN\Projects\15_K2\DevCode #
#                    \2\Projects\S4051A\Output\S4051A\Application\Obj\usb_hos #
#                    t_device.o C:\Users\tony.tsou\Desktop\AmTRAN\Projects\15 #
#                    _K2\DevCode\2\Projects\S4051A\Output\S4051A\Application\ #
#                    Obj\usbd_cdc_core.o C:\Users\tony.tsou\Desktop\AmTRAN\Pr #
#                    ojects\15_K2\DevCode\2\Projects\S4051A\Output\S4051A\App #
#                    lication\Obj\usbd_cdc_vcp.o                              #
#                    C:\Users\tony.tsou\Desktop\AmTRAN\Projects\15_K2\DevCode #
#                    \2\Projects\S4051A\Output\S4051A\Application\Obj\usbd_co #
#                    re.o C:\Users\tony.tsou\Desktop\AmTRAN\Projects\15_K2\De #
#                    vCode\2\Projects\S4051A\Output\S4051A\Application\Obj\us #
#                    bd_desc.o C:\Users\tony.tsou\Desktop\AmTRAN\Projects\15_ #
#                    K2\DevCode\2\Projects\S4051A\Output\S4051A\Application\O #
#                    bj\usbd_ioreq.o C:\Users\tony.tsou\Desktop\AmTRAN\Projec #
#                    ts\15_K2\DevCode\2\Projects\S4051A\Output\S4051A\Applica #
#                    tion\Obj\usbd_req.o C:\Users\tony.tsou\Desktop\AmTRAN\Pr #
#                    ojects\15_K2\DevCode\2\Projects\S4051A\Output\S4051A\App #
#                    lication\Obj\usbd_usr.o C:\Users\tony.tsou\Desktop\AmTRA #
#                    N\Projects\15_K2\DevCode\2\Projects\S4051A\Output\S4051A #
#                    \Application\Obj\usbh_core.o                             #
#                    C:\Users\tony.tsou\Desktop\AmTRAN\Projects\15_K2\DevCode #
#                    \2\Projects\S4051A\Output\S4051A\Application\Obj\usbh_hc #
#                    s.o C:\Users\tony.tsou\Desktop\AmTRAN\Projects\15_K2\Dev #
#                    Code\2\Projects\S4051A\Output\S4051A\Application\Obj\usb #
#                    h_ioreq.o C:\Users\tony.tsou\Desktop\AmTRAN\Projects\15_ #
#                    K2\DevCode\2\Projects\S4051A\Output\S4051A\Application\O #
#                    bj\usbh_msc_bot.o C:\Users\tony.tsou\Desktop\AmTRAN\Proj #
#                    ects\15_K2\DevCode\2\Projects\S4051A\Output\S4051A\Appli #
#                    cation\Obj\usbh_msc_core.o C:\Users\tony.tsou\Desktop\Am #
#                    TRAN\Projects\15_K2\DevCode\2\Projects\S4051A\Output\S40 #
#                    51A\Application\Obj\usbh_msc_fatfs.o                     #
#                    C:\Users\tony.tsou\Desktop\AmTRAN\Projects\15_K2\DevCode #
#                    \2\Projects\S4051A\Output\S4051A\Application\Obj\usbh_ms #
#                    c_fs_interface.o C:\Users\tony.tsou\Desktop\AmTRAN\Proje #
#                    cts\15_K2\DevCode\2\Projects\S4051A\Output\S4051A\Applic #
#                    ation\Obj\usbh_msc_scsi.o C:\Users\tony.tsou\Desktop\AmT #
#                    RAN\Projects\15_K2\DevCode\2\Projects\S4051A\Output\S405 #
#                    1A\Application\Obj\usbh_stdreq.o                         #
#                    C:\Users\tony.tsou\Desktop\AmTRAN\Projects\15_K2\DevCode #
#                    \2\Projects\S4051A\Output\S4051A\Application\Obj\usbh_us #
#                    r.o -o C:\Users\tony.tsou\Desktop\AmTRAN\Projects\15_K2\ #
#                    DevCode\2\Projects\S4051A\Output\S4051A\s4051c_app.out   #
#                    --map C:\Users\tony.tsou\Desktop\AmTRAN\Projects\15_K2\D #
#                    evCode\2\Projects\S4051A\EWARM\..\Output\S4051A\Applicat #
#                    ion\List\s4051c_app.map --config                         #
#                    C:\Users\tony.tsou\Desktop\AmTRAN\Projects\15_K2\DevCode #
#                    \2\Projects\S4051A\EWARM\..\..\..\Utilities\mainstream_v #
#                    1\stm32f411\icf\stm32f411xe_flash.icf --entry            #
#                    __iar_program_start --inline --vfe                       #
#                                                                             #
#                                                                             #
###############################################################################

*******************************************************************************
*** RUNTIME MODEL ATTRIBUTES
***

CppFlavor       = *
__SystemLibrary = DLib


*******************************************************************************
*** PLACEMENT SUMMARY
***

"A1":  place at 0x08008000 { ro section .intvec };
"P1":  place in [from 0x08008000 to 0x0803ffff] { ro };
"P2":  place in [from 0x20000000 to 0x2001ffff] { rw, block CSTACK, block HEAP };

  Section            Kind        Address     Size  Object
  -------            ----        -------     ----  ------
"A1":                                       0x198
  .intvec            ro code  0x08008000    0x198  startup_stm32f411xe.o [1]
                            - 0x08008198    0x198

"P1":                                     0x25c28
  .rodata            const    0x08008198   0x27f8  cs49844.o [1]
  .text              ro code  0x0800a990   0x1f28  cs49844.o [1]
  .text              ro code  0x0800c8b8    0x2c8  cs49844_spi.o [1]
  .text              ro code  0x0800cb80    0x19c  SPILowLevel.o [1]
  .text              ro code  0x0800cd1c    0x520  queue.o [1]
  .text              ro code  0x0800d23c    0x840  tasks.o [1]
  .text              ro code  0x0800da7c    0x154  Debug.o [1]
  .text              ro code  0x0800dbd0     0xe4  heap_2.o [1]
  .text              ro code  0x0800dcb4      0xc  GPIOMiddleLevel.o [1]
  .text              ro code  0x0800dcc0     0xa0  ext_flash_driver.o [1]
  .text              ro code  0x0800dd60      0xe  stm32f4xx_spi.o [1]
  .text              ro code  0x0800dd6e     0x22  zero_init3.o [5]
  CODE               ro code  0x0800dd90     0xb0  portasm.o [1]
  .text              ro code  0x0800de40    0x180  port.o [1]
  .text              ro code  0x0800dfc0     0x88  list.o [1]
  .text              ro code  0x0800e048     0x76  ABImemcpy.o [5]
  .text              ro code  0x0800e0be      0xe  usbd_usr.o [1]
  .text              ro code  0x0800e0cc    0x30c  timers.o [1]
  .text              ro code  0x0800e3d8    0x1dc  usb_host_device.o [1]
  .text              ro code  0x0800e5b4    0x1f4  GPIOLowLevel.o [1]
  .text              ro code  0x0800e7a8    0x1d6  usb_dcd.o [1]
  USER_PARMS         const    0x0800e97e      0x1  SystemDefaultParams.o [1]
  .text              ro code  0x0800e980    0x8ac  usb_core.o [1]
  .text              ro code  0x0800f22c    0x292  usbd_core.o [1]
  .text              ro code  0x0800f4c0     0xa4  stm32f4xx_gpio.o [1]
  .text              ro code  0x0800f564     0xfc  stm32f4xx_rcc.o [1]
  .text              ro code  0x0800f660     0xca  usb_bsp.o [1]
  .text              ro code  0x0800f72c    0x3e2  usbd_req.o [1]
  .text              ro code  0x0800fb0e     0x7a  usbd_ioreq.o [1]
  .text              ro code  0x0800fb88     0x8c  misc.o [1]
  .text              ro code  0x0800fc14   0x1b6c  AudioDeviceManager.o [1]
  .text              ro code  0x08011780   0x1458  si_cdc_main.o [1]
  .text              ro code  0x08012bd8    0xde0  si_cdc_heac.o [1]
  .text              ro code  0x080139b8      0x6  ABImemclr4.o [5]
  .text              ro code  0x080139c0     0x3a  ABImemset48.o [5]
  .text              ro code  0x080139fc    0x534  si_drv_cpi.o [1]
  .text              ro code  0x08013f30    0x434  si_cra.o [1]
  .text              ro code  0x08014364     0x4a  si_osal_timer.o [1]
  .text              ro code  0x080143b0      0x6  ABImemclr.o [5]
  .text              ro code  0x080143b8    0x8c8  I2C1LowLevel.o [1]
  .text              ro code  0x08014c80    0x108  si_timer.o [1]
  .text              ro code  0x08014d88     0x66  ABImemset.o [5]
  .text              ro code  0x08014df0    0x1f4  stm32f4xx_i2c.o [1]
  .text              ro code  0x08014fe4    0x1f0  stm32f4xx_dma.o [1]
  .text              ro code  0x080151d4    0xfdc  si_edid_tx_composer.o [1]
  .text              ro code  0x080161b0    0x428  si_edid_tx_analyzer.o [1]
  .text              ro code  0x080165d8     0x62  memcmp.o [5]
  .text              ro code  0x0801663c    0x3cc  si_edid_tx_component.o [1]
  .text              ro code  0x08016a08    0x2fe  si_edid_tx_decode_h.o [1]
  .text              ro code  0x08016d08    0x524  si_edid_tx_fmf.o [1]
  .text              ro code  0x0801722c    0x31c  si_edid_tx_converter.o [1]
  .text              ro code  0x08017548    0x214  si_drv_tpi_ddc_access.o [1]
  .text              ro code  0x0801775c    0xf2c  si_edid_tx_decode_l.o [1]
  .text              ro code  0x08018688    0xa68  sk_app_tx.o [1]
  .text              ro code  0x080190f0     0xa4  si_edid_black_list.o [1]
  .text              ro code  0x08019194    0x388  si_edid_tx_scaler.o [1]
  .text              ro code  0x0801951c    0x698  si_tx_component.o [1]
  .text              ro code  0x08019bb4    0x862  si_drv_tpi_system.o [1]
  .text              ro code  0x0801a416     0x58  si_drv_audio_mix.o [1]
  .text              ro code  0x0801a470    0x6d4  si_drv_audio.o [1]
  .text              ro code  0x0801ab44    0x678  si_repeater_component.o [1]
  .text              ro code  0x0801b1bc     0xce  si_drv_tpg.o [1]
  .text              ro code  0x0801b28c    0x28a  si_drv_edid_rx.o [1]
  .text              ro code  0x0801b518    0x274  sk_app_cec.o [1]
  .text              ro code  0x0801b78c    0x174  si_cec_tx.o [1]
  .text              ro code  0x0801b900    0x3ac  sk_app_repeater.o [1]
  .text              ro code  0x0801bcac    0x3c8  si_drv_repeater.o [1]
  .text              ro code  0x0801c074    0x918  si_cec_controller.o [1]
  .text              ro code  0x0801c98c    0x558  si_cec_component.o [1]
  .text              ro code  0x0801cee4    0x25c  si_drv_nvram_sram.o [1]
  .text              ro code  0x0801d140    0x344  si_drv_msw_info.o [1]
  .text              ro code  0x0801d484    0x4f8  si_drv_msw.o [1]
  .text              ro code  0x0801d97c    0x770  si_tx_hdcp.o [1]
  .text              ro code  0x0801e0ec    0x126  si_drv_tpi_access.o [1]
  .text              ro code  0x0801e214    0x364  si_tx_info_frm.o [1]
  .text              ro code  0x0801e578    0x134  si_tx_avi.o [1]
  .text              ro code  0x0801e6ac    0x400  si_tx_audio.o [1]
  .text              ro code  0x0801eaac    0x1d0  si_drv_repeater_sha.o [1]
  .text              ro code  0x0801ec7c     0xac  si_repeater_sha.o [1]
  .text              ro code  0x0801ed28    0x130  si_connection_monitor.o [1]
  .text              ro code  0x0801ee58    0x15c  si_repeater_isr.o [1]
  .text              ro code  0x0801efb4     0x20  si_cdc_component.o [1]
  .text              ro code  0x0801efd4    0x324  si_cec_switch_api.o [1]
  .text              ro code  0x0801f2f8    0x990  si_sac_main.o [1]
  .text              ro code  0x0801fc88    0x258  si_cec_rx.o [1]
  .text              ro code  0x0801fee0    0x384  sk_app_cbus_cec.o [1]
  .text              ro code  0x08020264    0x2f8  sk_app_arc.o [1]
  .text              ro code  0x0802055c    0x59c  sk953x_avr_repeater.o [1]
  .text              ro code  0x08020af8    0x2ae  si_drv_msw_hpd.o [1]
  .text              ro code  0x08020da8     0x36  strlen.o [5]
  .text              ro code  0x08020de0    0x5bc  si_drv_sii953x.o [1]
  .text              ro code  0x0802139c    0x130  sk_app_cbus.o [1]
  .text              ro code  0x080214cc    0xd60  si_video_tables.o [1]
  .text              ro code  0x0802222c     0xec  si_cec_timer.o [1]
  .text              ro code  0x08022318    0x136  si_sac_msg.o [1]
  .text              ro code  0x08022450    0x190  sk_app_audio_rx.o [1]
  .text              ro code  0x080225e0    0x280  si_cbus_component.o [1]
  .text              ro code  0x08022860      0x8  si_cbus_rcp_parse.o [1]
  .text              ro code  0x08022868     0x64  si_drv_arc.o [1]
  .text              ro code  0x080228cc     0x98  sk_app_tv.o [1]
  .text              ro code  0x08022964     0x5c  sk_app_thx.o [1]
  .text              ro code  0x080229c0    0x714  sk_app_switch.o [1]
  .text              ro code  0x080230d4    0x258  sk_app_support.o [1]
  .text              ro code  0x0802332c    0x3b0  sk_app_device.o [1]
  .text              ro code  0x080236dc    0x160  sk_app_ipv.o [1]
  .text              ro code  0x0802383c    0x378  si_rtpi_component.o [1]
  .text              ro code  0x08023bb4     0x20  sk_app_setup.o [1]
  .text              ro code  0x08023bd4     0x20  sk_app_demo.o [1]
  .text              ro code  0x08023bf4     0xc4  si_platform.o [1]
  .text              ro code  0x08023cb8    0x330  si_drv_gpio.o [1]
  .text              ro code  0x08023fe8    0x3ae  si_drv_ipv.o [1]
  .text              ro code  0x08024396     0x8a  si_gpio.o [1]
  .text              ro code  0x08024420    0x1bc  si_audio_component.o [1]
  .text              ro code  0x080245dc     0xb0  si_drv_cbus_main.o [1]
  .text              ro code  0x0802468c     0x2e  si_drv_cbus.o [1]
  .text              ro code  0x080246bc    0x198  si_thx_component.o [1]
  .text              ro code  0x08024854    0x7f2  si_ipv_component.o [1]
  .text              ro code  0x08025046     0x16  si_eeprom.o [1]
  .text              ro code  0x0802505c      0x4  sk_app_gpio.o [1]
  .text              ro code  0x08025060     0xc4  sk_app_cdc.o [1]
  .text              ro code  0x08025124     0x42  strcmp.o [5]
  .text              ro code  0x08025168    0x3b8  si_rtpi_register_functions.o [1]
  .text              ro code  0x08025520     0x88  stm32f4xx_exti.o [1]
  .text              ro code  0x080255a8     0x28  stm32f4xx_syscfg.o [1]
  .text              ro code  0x080255d0     0x2c  si_i2c.o [1]
  .text              ro code  0x080255fc     0xd4  si_rtpi_cbus.o [1]
  .text              ro code  0x080256d0    0x18e  si_rtpi_cec.o [1]
  .text              ro code  0x08025860    0xc44  HMI_Service.o [1]
  .text              ro code  0x080264a4    0xc28  usb_hcd_int.o [1]
  .text              ro code  0x080270cc    0x824  BTHandler.o [1]
  .text              ro code  0x080278f0    0x6dc  HT68F30.o [1]
  .text              ro code  0x08027fcc     0x44  HT68F30_i2c.o [1]
  .text              ro code  0x08028010    0x6a8  IRLowLevelDecoder.o [1]
  .text              ro code  0x080286b8    0x694  IRCmdHandler.o [1]
  .text              ro code  0x08028d4c    0x630  UIDeviceManager.o [1]
  .text              ro code  0x0802937c    0x594  AudioSystemHandler.o [1]
  .text              ro code  0x08029910    0x570  I2C2LowLevel.o [1]
  .text              ro code  0x08029e80    0x484  usb_dcd_int.o [1]
  .text              ro code  0x0802a304    0x428  EepromDriver.o [1]
  .text              ro code  0x0802a72c    0x3cc  CommandsManager.o [1]
  .text              ro code  0x0802aaf8    0x3a0  RFHandler.o [1]
  .text              ro code  0x0802ae98    0x36c  StorageDeviceDriver.o [1]
  .text              ro code  0x0802b204    0x244  cs8422.o [1]
  .text              ro code  0x0802b448     0xd8  CS8422_i2c.o [1]
  .text              ro code  0x0802b520    0x226  stm32f4xx_tim.o [1]
  .text              ro code  0x0802b748    0x224  usbd_cdc_core.o [1]
  .text              ro code  0x0802b96c    0x220  PowerHandler.o [1]
  .text              ro code  0x0802bb8c    0x1e0  IRLowLevel.o [1]
  .text              ro code  0x0802bd6c     0xbc  VirtualTimer.o [1]
  .text              ro code  0x0802be28    0x154  ButtonCmdDispatcher.o [1]
  .text              ro code  0x0802bf7c    0x128  TAS5727.o [1]
  .text              ro code  0x0802c0a4     0xcc  TAS5727_i2c.o [1]
  .text              ro code  0x0802c170    0x118  usbd_desc.o [1]
  .text              ro code  0x0802c288    0x114  cs5346.o [1]
  .text              ro code  0x0802c39c     0xa4  CS5346_i2c.o [1]
  .text              ro code  0x0802c440    0x110  system_stm32f4xx.o [1]
  .rodata            const    0x0802c550    0x100  sk_app_ediddata.o [1]
  .text              ro code  0x0802c650     0xd4  UART_LowLevel.o [1]
  .text              ro code  0x0802c724     0xc8  StorageDeviceManager.o [1]
  .text              ro code  0x0802c7ec     0xc4  UARTCmdDispatcher.o [1]
  .rodata            const    0x0802c8b0     0xc0  si_edid_tx_tables.o [1]
  .text              ro code  0x0802c970     0xb8  TAS5713.o [1]
  .text              ro code  0x0802ca28     0x68  TAS5713_i2c.o [1]
  .text              ro code  0x0802ca90     0xb4  usbd_cdc_vcp.o [1]
  .text              ro code  0x0802cb44     0xb0  App_main.o [1]
  .text              ro code  0x0802cbf4     0x98  CardLowLevel_Platform.o [1]
  .text              ro code  0x0802cc8c     0x1e  CardLowLevel.o [1]
  .text              ro code  0x0802ccaa     0xa0  packbits_init3.o [5]
  .rodata            const    0x0802cd4c     0x8c  AudioDeviceManager.o [1]
  .text              ro code  0x0802cdd8     0x7c  CS8422_ISR_Handler.o [1]
  .text              ro code  0x0802ce54     0x5e  stm32f4xx_it.o [1]
  .text              ro code  0x0802ceb4     0x5a  AmplifierDeviceManager.o [1]
  .rodata            const    0x0802cf10     0x48  HT68F30.o [1]
  .rodata            const    0x0802cf58     0x44  si_video_tables.o [1]
  .rodata            const    0x0802cf9c     0x30  cs8422.o [1]
  .text              ro code  0x0802cfcc     0x2c  data_init3.o [5]
  .rodata            const    0x0802cff8     0x28  PowerHandler.o [1]
  .iar.init_table    const    0x0802d020     0x2c  - Linker created -
  .rodata            const    0x0802d04c     0x20  si_ipv_data.o [1]
  .rodata            const    0x0802d06c     0x1c  AudioSystemHandler.o [1]
  .text              ro code  0x0802d088     0x1a  fpinit_M.o [4]
  .rodata            const    0x0802d0a4     0x18  IRCmdHandler.o [1]
  .text              ro code  0x0802d0bc     0x16  cmain.o [5]
  .text              ro code  0x0802d0d2      0x4  exit.o [3]
  .text              ro code  0x0802d0d8      0xa  cexit.o [5]
  .text              ro code  0x0802d0e4      0xc  XXexit.o [5]
  .rodata            const    0x0802d0f0     0x14  BTHandler.o [1]
  .text              ro code  0x0802d104     0x12  usbh_core.o [1]
  .rodata            const    0x0802d118     0x10  HMI_Service.o [1]
  .rodata            const    0x0802d128     0x10  StorageDeviceManager.o [1]
  .rodata            const    0x0802d138     0x10  sk953x_avr_repeater.o [1]
  .text              ro code  0x0802d148     0x10  startup_stm32f411xe.o [1]
  .rodata            const    0x0802d158      0xc  AmplifierDeviceManager.o [1]
  .rodata            const    0x0802d164      0xc  ButtonCmdDispatcher.o [1]
  .rodata            const    0x0802d170      0xc  IRLowLevel.o [1]
  .rodata            const    0x0802d17c      0xc  UIDeviceManager.o [1]
  .rodata            const    0x0802d188      0xc  cs5346.o [1]
  .rodata            const    0x0802d194      0xc  usb_host_device.o [1]
  .text              ro code  0x0802d1a0      0xc  cstartup_M.o [5]
  .rodata            const    0x0802d1ac      0x8  GPIOLowLevel.o [1]
  .rodata            const    0x0802d1b4      0x8  RFHandler.o [1]
  .rodata            const    0x0802d1bc      0x8  buildtime.o [1]
  .rodata            const    0x0802d1c4      0x4  CommandsManager.o [1]
  .text              ro code  0x0802d1c8      0x4  startup_stm32f411xe.o [1]
  .text              ro code  0x0802d1cc      0x4  startup_stm32f411xe.o [1]
  .text              ro code  0x0802d1d0      0x4  startup_stm32f411xe.o [1]
  .text              ro code  0x0802d1d4      0x4  startup_stm32f411xe.o [1]
  .text              ro code  0x0802d1d8      0x4  startup_stm32f411xe.o [1]
  .text              ro code  0x0802d1dc      0x4  startup_stm32f411xe.o [1]
  .text              ro code  0x0802d1e0      0x4  startup_stm32f411xe.o [1]
  .text              ro code  0x0802d1e4      0x4  startup_stm32f411xe.o [1]
  .text              ro code  0x0802d1e8      0x4  startup_stm32f411xe.o [1]
  .text              ro code  0x0802d1ec      0x4  startup_stm32f411xe.o [1]
  .text              ro code  0x0802d1f0      0x4  startup_stm32f411xe.o [1]
  .text              ro code  0x0802d1f4      0x4  startup_stm32f411xe.o [1]
  .text              ro code  0x0802d1f8      0x4  startup_stm32f411xe.o [1]
  .text              ro code  0x0802d1fc      0x4  startup_stm32f411xe.o [1]
  .text              ro code  0x0802d200      0x4  startup_stm32f411xe.o [1]
  .text              ro code  0x0802d204      0x4  startup_stm32f411xe.o [1]
  .text              ro code  0x0802d208      0x4  startup_stm32f411xe.o [1]
  .text              ro code  0x0802d20c      0x4  startup_stm32f411xe.o [1]
  .text              ro code  0x0802d210      0x4  startup_stm32f411xe.o [1]
  .text              ro code  0x0802d214      0x4  startup_stm32f411xe.o [1]
  .text              ro code  0x0802d218      0x4  startup_stm32f411xe.o [1]
  .text              ro code  0x0802d21c      0x4  startup_stm32f411xe.o [1]
  .text              ro code  0x0802d220      0x4  startup_stm32f411xe.o [1]
  .text              ro code  0x0802d224      0x4  startup_stm32f411xe.o [1]
  .text              ro code  0x0802d228      0x4  startup_stm32f411xe.o [1]
  .text              ro code  0x0802d22c      0x4  startup_stm32f411xe.o [1]
  .text              ro code  0x0802d230      0x4  startup_stm32f411xe.o [1]
  .text              ro code  0x0802d234      0x4  startup_stm32f411xe.o [1]
  .text              ro code  0x0802d238      0x4  startup_stm32f411xe.o [1]
  .text              ro code  0x0802d23c      0x4  startup_stm32f411xe.o [1]
  .text              ro code  0x0802d240      0x4  startup_stm32f411xe.o [1]
  .text              ro code  0x0802d244      0x4  startup_stm32f411xe.o [1]
  .text              ro code  0x0802d248      0x4  startup_stm32f411xe.o [1]
  .text              ro code  0x0802d24c      0x4  startup_stm32f411xe.o [1]
  .text              ro code  0x0802d250      0x4  startup_stm32f411xe.o [1]
  .text              ro code  0x0802d254      0x4  startup_stm32f411xe.o [1]
  .text              ro code  0x0802d258      0x4  startup_stm32f411xe.o [1]
  .text              ro code  0x0802d25c      0x4  startup_stm32f411xe.o [1]
  .text              ro code  0x0802d260      0x4  startup_stm32f411xe.o [1]
  .text              ro code  0x0802d264      0x4  startup_stm32f411xe.o [1]
  .text              ro code  0x0802d268      0x4  startup_stm32f411xe.o [1]
  .text              ro code  0x0802d26c      0x4  startup_stm32f411xe.o [1]
  .text              ro code  0x0802d270      0x4  startup_stm32f411xe.o [1]
  .text              ro code  0x0802d274      0x4  startup_stm32f411xe.o [1]
  .text              ro code  0x0802d278      0x4  startup_stm32f411xe.o [1]
  .text              ro code  0x0802d27c      0x4  startup_stm32f411xe.o [1]
  .text              ro code  0x0802d280      0x4  startup_stm32f411xe.o [1]
  .text              ro code  0x0802d284      0x4  startup_stm32f411xe.o [1]
  .rodata            const    0x0802d288      0x0  bwt_init3c.o [5]
  Initializer bytes  ro data  0x0802d288    0xb38  <for P2 s0>
                            - 0x0802ddc0  0x25c28

"P2", part 1 of 3:                         0xa658
  P2 s0                       0x20000000   0xa658  <Init block>
    .data            inited   0x20000000   0x8018  heap_2.o [1]
    .data            inited   0x20008018    0xaa8  usb_host_device.o [1]
    .data            inited   0x20008ac0    0x7f4  si_edid_tx_component.o [1]
    .data            inited   0x200092b4    0x27c  si_cdc_component.o [1]
    .data            inited   0x20009530    0x248  si_cec_component.o [1]
    .data            inited   0x20009778    0x190  si_cra_cfg.o [1]
    .data            inited   0x20009908    0x150  si_drv_sii953x.o [1]
    .data            inited   0x20009a58     0xb0  si_rtpi_default_reg.o [1]
    .data            inited   0x20009b08     0x9c  si_drv_cpi.o [1]
    .data            inited   0x20009ba4     0x94  tasks.o [1]
    .data            inited   0x20009c38     0x88  UARTCmdDispatcher.o [1]
    .data            inited   0x20009cc0     0x84  si_drv_cbus_main.o [1]
    .data            inited   0x20009d44     0x80  si_cec_controller.o [1]
    .data            inited   0x20009dc4     0x78  cs49844.o [1]
    .data            inited   0x20009e3c     0x70  HT68F30.o [1]
    .data            inited   0x20009eac     0x70  HT68F30.o [1]
    .data            inited   0x20009f1c     0x6c  AudioDeviceManager.o [1]
    .data            inited   0x20009f88     0x64  si_ipv_data.o [1]
    .data            inited   0x20009fec     0x64  si_ipv_data.o [1]
    .data            inited   0x2000a050     0x58  usbd_cdc_core.o [1]
    .data            inited   0x2000a0a8     0x48  si_rtpi_component.o [1]
    .data            inited   0x2000a0f0     0x40  sk_app_ediddata.o [1]
    .data            inited   0x2000a130     0x40  sk_app_repeater.o [1]
    .data            inited   0x2000a170     0x34  IRCmdHandler.o [1]
    .data            inited   0x2000a1a4     0x34  si_cra_cfg.o [1]
    .data            inited   0x2000a1d8     0x34  si_drv_msw.o [1]
    .data            inited   0x2000a20c     0x2c  si_sac_main.o [1]
    .data            inited   0x2000a238     0x2c  usbd_cdc_core.o [1]
    .data            inited   0x2000a264     0x2c  usbd_core.o [1]
    .data            inited   0x2000a290     0x28  BTHandler.o [1]
    .data            inited   0x2000a2b8     0x28  si_ipv_data.o [1]
    .data            inited   0x2000a2e0     0x28  si_ipv_data.o [1]
    .data            inited   0x2000a308     0x28  sk953x_avr_repeater.o [1]
    .data            inited   0x2000a330     0x24  HMI_Service.o [1]
    .data            inited   0x2000a354     0x24  IRCmdHandler.o [1]
    .data            inited   0x2000a378     0x24  si_tx_component.o [1]
    .data            inited   0x2000a39c     0x1c  usbd_desc.o [1]
    .data            inited   0x2000a3b8     0x1c  usbd_usr.o [1]
    .data            inited   0x2000a3d4     0x18  BTHandler.o [1]
    .data            inited   0x2000a3ec     0x14  StorageDeviceDriver.o [1]
    .data            inited   0x2000a400     0x14  TAS5727.o [1]
    .data            inited   0x2000a414     0x14  si_cec_switch_api.o [1]
    .data            inited   0x2000a428     0x14  si_drv_arc.o [1]
    .data            inited   0x2000a43c     0x14  sk_app_cec.o [1]
    .data            inited   0x2000a450     0x14  system_stm32f4xx.o [1]
    .data            inited   0x2000a464     0x14  usbd_cdc_vcp.o [1]
    .data            inited   0x2000a478     0x14  usbd_desc.o [1]
    .data            inited   0x2000a48c     0x10  PowerHandler.o [1]
    .data            inited   0x2000a49c     0x10  StorageDeviceDriver.o [1]
    .data            inited   0x2000a4ac     0x10  si_cec_controller.o [1]
    .data            inited   0x2000a4bc     0x10  si_ipv_data.o [1]
    .data            inited   0x2000a4cc     0x10  sk_app_cec.o [1]
    .data            inited   0x2000a4dc     0x10  sk_app_tv.o [1]
    .data            inited   0x2000a4ec     0x10  stm32f4xx_rcc.o [1]
    .data            inited   0x2000a4fc      0xd  HT68F30.o [1]
    .data            inited   0x2000a50a      0x2  si_cra_cfg.o [1]
    .data            inited   0x2000a50c      0xc  IRCmdHandler.o [1]
    .data            inited   0x2000a518      0xc  RFHandler.o [1]
    .data            inited   0x2000a524      0xc  port.o [1]
    .data            inited   0x2000a530      0xc  si_audio_component.o [1]
    .data            inited   0x2000a53c      0xc  si_drv_msw.o [1]
    .data            inited   0x2000a548      0xc  sk_app_cec.o [1]
    .data            inited   0x2000a554      0xc  usbh_core.o [1]
    .data            inited   0x2000a560      0x8  I2C1LowLevel.o [1]
    .data            inited   0x2000a568      0x8  I2C1LowLevel.o [1]
    .data            inited   0x2000a570      0x8  I2C1LowLevel.o [1]
    .data            inited   0x2000a578      0x8  TAS5713.o [1]
    .data            inited   0x2000a580      0x8  TAS5727.o [1]
    .data            inited   0x2000a588      0x8  UIDeviceManager.o [1]
    .data            inited   0x2000a590      0x8  si_cdc_heac.o [1]
    .data            inited   0x2000a598      0x8  si_ipv_data.o [1]
    .data            inited   0x2000a5a0      0x8  si_repeater_component.o [1]
    .data            inited   0x2000a5a8      0x8  usbd_cdc_vcp.o [1]
    .data            inited   0x2000a5b0      0x4  AmplifierDeviceManager.o [1]
    .data            inited   0x2000a5b4      0x4  AudioSystemHandler.o [1]
    .data            inited   0x2000a5b8      0x4  ButtonCmdDispatcher.o [1]
    .data            inited   0x2000a5bc      0x4  CommandsManager.o [1]
    .data            inited   0x2000a5c0      0x4  GPIOLowLevel.o [1]
    .data            inited   0x2000a5c4      0x4  HMI_Service.o [1]
    .data            inited   0x2000a5c8      0x4  HT68F30.o [1]
    .data            inited   0x2000a5cc      0x4  IRCmdHandler.o [1]
    .data            inited   0x2000a5d0      0x4  IRCmdHandler.o [1]
    .data            inited   0x2000a5d4      0x4  IRLowLevel.o [1]
    .data            inited   0x2000a5d8      0x4  PowerHandler.o [1]
    .data            inited   0x2000a5dc      0x4  StorageDeviceManager.o [1]
    .data            inited   0x2000a5e0      0x4  TAS5713.o [1]
    .data            inited   0x2000a5e4      0x4  TAS5727.o [1]
    .data            inited   0x2000a5e8      0x4  UIDeviceManager.o [1]
    .data            inited   0x2000a5ec      0x4  UIDeviceManager.o [1]
    .data            inited   0x2000a5f0      0x4  buildtime.o [1]
    .data            inited   0x2000a5f4      0x4  cs49844.o [1]
    .data            inited   0x2000a5f8      0x4  cs5346.o [1]
    .data            inited   0x2000a5fc      0x4  cs8422.o [1]
    .data            inited   0x2000a600      0x4  si_cbus_component.o [1]
    .data            inited   0x2000a604      0x4  si_cdc_heac.o [1]
    .data            inited   0x2000a608      0x4  si_cec_controller.o [1]
    .data            inited   0x2000a60c      0x4  si_connection_monitor.o [1]
    .data            inited   0x2000a610      0x4  si_drv_ipv.o [1]
    .data            inited   0x2000a614      0x4  si_drv_nvram_sram.o [1]
    .data            inited   0x2000a618      0x4  si_drv_sii953x.o [1]
    .data            inited   0x2000a61c      0x4  si_drv_tpi_access.o [1]
    .data            inited   0x2000a620      0x4  si_drv_tpi_system.o [1]
    .data            inited   0x2000a624      0x4  si_edid_tx_scaler.o [1]
    .data            inited   0x2000a628      0x4  si_ipv_component.o [1]
    .data            inited   0x2000a62c      0x4  si_thx_component.o [1]
    .data            inited   0x2000a630      0x4  si_tx_audio.o [1]
    .data            inited   0x2000a634      0x4  si_tx_avi.o [1]
    .data            inited   0x2000a638      0x4  si_tx_hdcp.o [1]
    .data            inited   0x2000a63c      0x4  si_tx_info_frm.o [1]
    .data            inited   0x2000a640      0x4  sk953x_avr_repeater.o [1]
    .data            inited   0x2000a644      0x4  usb_host_device.o [1]
    .data            inited   0x2000a648      0x4  usbd_core.o [1]
    .data            inited   0x2000a64c      0x4  usbd_desc.o [1]
    .data            inited   0x2000a650      0x4  usbh_core.o [1]
    .data            inited   0x2000a654      0x2  sk_app_cbus.o [1]
    .data            inited   0x2000a656      0x1  cs49844.o [1]
    .data            inited   0x2000a657      0x1  sk_app_arc.o [1]
                            - 0x2000a658   0xa658

"P2", part 2 of 3:                         0x1050
  .bss               zero     0x2000a658    0x278  si_cbus_component.o [1]
  .bss               zero     0x2000a8d0    0x214  usbd_cdc_core.o [1]
  .bss               zero     0x2000aae4    0x100  si_drv_sii953x.o [1]
  .bss               zero     0x2000abe4    0x100  si_rtpi_component.o [1]
  .bss               zero     0x2000ace4    0x100  usbd_req.o [1]
  .bss               zero     0x2000ade4     0xcc  sk953x_avr_repeater.o [1]
  .bss               zero     0x2000aeb0     0xa4  si_ipv_component.o [1]
  .bss               zero     0x2000af54     0x9c  si_thx_component.o [1]
  .bss               zero     0x2000aff0     0x98  IRLowLevelDecoder.o [1]
  .bss               zero     0x2000b088     0x94  UART_LowLevel.o [1]
  .bss               zero     0x2000b11c     0x80  tasks.o [1]
  .bss               zero     0x2000b19c     0x70  si_cra.o [1]
  .bss               zero     0x2000b20c     0x6c  sk_app_cbus.o [1]
  .bss               zero     0x2000b278     0x40  queue.o [1]
  .bss               zero     0x2000b2b8     0x40  usbd_cdc_core.o [1]
  .bss               zero     0x2000b2f8     0x3c  ButtonCmdDispatcher.o [1]
  .bss               zero     0x2000b334     0x3c  I2C1LowLevel.o [1]
  .bss               zero     0x2000b370     0x38  si_repeater_component.o [1]
  .bss               zero     0x2000b3a8     0x34  timers.o [1]
  .bss               zero     0x2000b3dc     0x2c  cs49844.o [1]
  .bss               zero     0x2000b408     0x28  si_tx_hdcp.o [1]
  .bss               zero     0x2000b430     0x24  CS8422_ISR_Handler.o [1]
  .bss               zero     0x2000b454     0x20  AudioSystemHandler.o [1]
  .bss               zero     0x2000b474     0x20  HMI_Service.o [1]
  .bss               zero     0x2000b494     0x20  RFHandler.o [1]
  .bss               zero     0x2000b4b4     0x20  si_timer.o [1]
  .bss               zero     0x2000b4d4     0x20  si_tx_audio.o [1]
  .bss               zero     0x2000b4f4     0x1c  IRLowLevel.o [1]
  .bss               zero     0x2000b510     0x1c  si_drv_ipv.o [1]
  .bss               zero     0x2000b52c     0x1c  sk_app_cdc.o [1]
  .bss               zero     0x2000b548     0x14  IRCmdHandler.o [1]
  .bss               zero     0x2000b55c     0x14  si_platform.o [1]
  .bss               zero     0x2000b570     0x14  sk_app_audio_rx.o [1]
  .bss               zero     0x2000b584     0x10  AudioDeviceManager.o [1]
  .bss               zero     0x2000b594     0x10  si_drv_audio.o [1]
  .bss               zero     0x2000b5a4     0x10  si_drv_nvram_sram.o [1]
  .bss               zero     0x2000b5b4     0x10  si_drv_sii953x.o [1]
  .bss               zero     0x2000b5c4     0x10  sk_app_tx.o [1]
  .bss               zero     0x2000b5d4      0xc  Debug.o [1]
  .bss               zero     0x2000b5e0      0xc  VirtualTimer.o [1]
  .bss               zero     0x2000b5ec      0xc  usbd_req.o [1]
  .bss               zero     0x2000b5f8      0x9  si_drv_repeater.o [1]
  .bss               zero     0x2000b601      0x2  si_rtpi_component.o [1]
  .bss               zero     0x2000b603      0x1  HT68F30.o [1]
  .bss               zero     0x2000b604      0x9  si_repeater_sha.o [1]
  .bss               zero     0x2000b60e      0x2  si_drv_gpio.o [1]
  .bss               zero     0x2000b610      0x8  EepromDriver.o [1]
  .bss               zero     0x2000b618      0x8  HMI_Service.o [1]
  .bss               zero     0x2000b620      0x8  HT68F30.o [1]
  .bss               zero     0x2000b628      0x8  IRCmdHandler.o [1]
  .bss               zero     0x2000b630      0x8  IRCmdHandler.o [1]
  .bss               zero     0x2000b638      0x8  SPILowLevel.o [1]
  .bss               zero     0x2000b640      0x8  UIDeviceManager.o [1]
  .bss               zero     0x2000b648      0x8  si_cec_timer.o [1]
  .bss               zero     0x2000b650      0x8  si_connection_monitor.o [1]
  .bss               zero     0x2000b658      0x8  si_rtpi_component.o [1]
  .bss               zero     0x2000b660      0x8  si_tx_avi.o [1]
  .bss               zero     0x2000b668      0x6  si_drv_repeater_sha.o [1]
  .bss               zero     0x2000b66e      0x1  I2C1LowLevel.o [1]
  .bss               zero     0x2000b66f      0x1  I2C2LowLevel.o [1]
  .bss               zero     0x2000b670      0x4  App_main.o [1]
  .bss               zero     0x2000b674      0x4  Debug.o [1]
  .bss               zero     0x2000b678      0x4  si_drv_msw.o [1]
  .bss               zero     0x2000b67c      0x4  si_drv_tpi_access.o [1]
  .bss               zero     0x2000b680      0x4  si_drv_tpi_system.o [1]
  .bss               zero     0x2000b684      0x4  si_ipv_data.o [1]
  .bss               zero     0x2000b688      0x4  si_ipv_data.o [1]
  .bss               zero     0x2000b68c      0x4  si_rtpi_component.o [1]
  .bss               zero     0x2000b690      0x4  si_tx_info_frm.o [1]
  .bss               zero     0x2000b694      0x4  sk_app_switch.o [1]
  .bss               zero     0x2000b698      0x4  timers.o [1]
  .bss               zero     0x2000b69c      0x4  usbd_core.o [1]
  .bss               zero     0x2000b6a0      0x4  usbd_req.o [1]
  .bss               zero     0x2000b6a4      0x1  si_drv_tpi_ddc_access.o [1]
  .bss               zero     0x2000b6a5      0x1  si_drv_tpi_ddc_access.o [1]
  .bss               zero     0x2000b6a6      0x1  sk_app_arc.o [1]
  .bss               zero     0x2000b6a7      0x1  sk_app_cec.o [1]
                            - 0x2000b6a8   0x1050

"P2", part 3 of 3:                          0x900
  CSTACK                      0x2000b6a8    0x900  <Block>
    CSTACK           uninit   0x2000b6a8    0x900  <Block tail>
                            - 0x2000bfa8    0x900


*******************************************************************************
*** INIT TABLE
***

          Address     Size
          -------     ----
Zero (__iar_zero_init3)
    1 destination range, total size 0x1050:
          0x2000a658  0x1050

Copy/packbits (__iar_packbits_init3)
    1 source range, total size 0xb38 (6% of destination):
          0x0802d288   0xb38
    1 destination range, total size 0xa658:
          0x20000000  0xa658



*******************************************************************************
*** MODULE SUMMARY
***

    Module                        ro code  ro data  rw data
    ------                        -------  -------  -------
C:\Users\tony.tsou\Desktop\AmTRAN\Projects\15_K2\DevCode\2\Projects\S4051A\Output\S4051A\Application\Obj: [1]
    AmplifierDeviceManager.o           90       12        4
    App_main.o                        176                 4
    AudioDeviceManager.o            7 020      147      124
    AudioSystemHandler.o            1 428       29       36
    BTHandler.o                     2 084       25       64
    ButtonCmdDispatcher.o             340       12       64
    CS5346_i2c.o                      164
    CS8422_ISR_Handler.o              124                36
    CS8422_i2c.o                      216
    CardLowLevel.o                     30
    CardLowLevel_Platform.o           152
    CommandsManager.o                 972        4        4
    Debug.o                           340                16
    EepromDriver.o                  1 064                 8
    GPIOLowLevel.o                    500        9        4
    GPIOMiddleLevel.o                  12
    HMI_Service.o                   3 140       18       80
    HT68F30.o                       1 756       89      250
    HT68F30_i2c.o                      68
    I2C1LowLevel.o                  2 248        1       85
    I2C2LowLevel.o                  1 392                 1
    IRCmdHandler.o                  1 684       32      144
    IRLowLevel.o                      480       12       32
    IRLowLevelDecoder.o             1 704               152
    PowerHandler.o                    544       42       20
    RFHandler.o                       928        9       44
    SPILowLevel.o                     412                 8
    StorageDeviceDriver.o             876        2       36
    StorageDeviceManager.o            200       16        4
    SystemDefaultParams.o                        1
    TAS5713.o                         184        2       12
    TAS5713_i2c.o                     104
    TAS5727.o                         296        1       32
    TAS5727_i2c.o                     204
    UARTCmdDispatcher.o               196        9      136
    UART_LowLevel.o                   212               148
    UIDeviceManager.o               1 584       13       24
    VirtualTimer.o                    188                12
    buildtime.o                                  9        4
    cs49844.o                       7 976   10 240      169
    cs49844_spi.o                     712
    cs5346.o                          276       12        4
    cs8422.o                          580       49        4
    ext_flash_driver.o                160
    heap_2.o                          228    2 211   32 792
    list.o                            136
    misc.o                            140
    port.o                            384        1       12
    portasm.o                         176
    queue.o                         1 312                64
[...]
m_CHANNEL_1_VOL_REG     0x2000a400     0x2  Data  Lc  TAS5727.o [1]
m_CHANNEL_2_VOL_REG     0x2000a402     0x2  Data  Lc  TAS5727.o [1]
m_CHANNEL_3_VOL_REG     0x2000a404     0x2  Data  Lc  TAS5727.o [1]
m_Master_Vol            0x2000a406     0x2  Data  Lc  TAS5727.o [1]
m_Master_Vol_mute       0x2000a408     0x2  Data  Lc  TAS5727.o [1]
m_PwmMux_Data           0x2000a410     0x4  Data  Lc  TAS5727.o [1]
m_commandAssignment     0x2000b2f8    0x3c  Data  Lc  ButtonCmdDispatcher.o [1]
m_inputMux_Data         0x2000a40c     0x4  Data  Lc  TAS5727.o [1]
m_logicalToPhysicalEeprom
                        0x2000b610     0x8  Data  Lc  EepromDriver.o [1]
m_now                   0x2000b5e0     0x4  Data  Lc  VirtualTimer.o [1]
m_partitionSpaceAllocation
                        0x2000a3ec    0x14  Data  Lc  StorageDeviceDriver.o [1]
m_port                  0x2000b088    0x94  Data  Lc  UART_LowLevel.o [1]
m_sleep                 0x2000b5e4     0x4  Data  Lc  VirtualTimer.o [1]
m_storageSpaceAllocation
                        0x2000a49c    0x10  Data  Lc  StorageDeviceDriver.o [1]
m_traceEnableMask       0x2000b674     0x4  Data  Lc  Debug.o [1]
m_virtual_sec           0x2000b5e8     0x4  Data  Lc  VirtualTimer.o [1]
main                    0x0802cb8b    0x2e  Code  Gb  App_main.o [1]
master_gain_limit       0x2000a348     0x4  Data  Lc  HMI_Service.o [1]
memcmp                  0x080165d9          Code  Gb  memcmp.o [5]
nFlashCount             0x2000a4fc     0x1  Data  Lc  HT68F30.o [1]
nFlashSpeed             0x2000a4fe     0x1  Data  Lc  HT68F30.o [1]
nFlashSpeedTarget       0x2000a4fd     0x1  Data  Lc  HT68F30.o [1]
nScanCount              0x2000a504     0x1  Data  Lc  HT68F30.o [1]
nScanNum                0x2000a502     0x1  Data  Lc  HT68F30.o [1]
nStepsCount             0x2000a505     0x1  Data  Lc  HT68F30.o [1]
nStepsEndNum            0x2000a501     0x1  Data  Lc  HT68F30.o [1]
nStepsNum               0x2000a503     0x1  Data  Lc  HT68F30.o [1]
nvramDrvData            0x2000b5a4    0x10  Data  Gb  si_drv_nvram_sram.o [1]
pADC_ObjCtrl            0x2000a5f8     0x4  Data  Gb  cs5346.o [1]
pADM_ObjCtrl            0x20009f80     0x4  Data  Gb  AudioDeviceManager.o [1]
pAMP_DEV_ObjCtrl        0x2000a5b0     0x4  Data  Gb  AmplifierDeviceManager.o [1]
pASH_ObjCtrl            0x2000a5b4     0x4  Data  Gb  AudioSystemHandler.o [1]
pAllowedScalerModes     0x2000a624     0x4  Data  Gb  si_edid_tx_scaler.o [1]
pApp                    0x2000a32c     0x4  Data  Gb  sk953x_avr_repeater.o [1]
pAppCbus                0x2000b274     0x4  Data  Gb  sk_app_cbus.o [1]
pAppCec                 0x2000a548     0x4  Data  Gb  sk_app_cec.o [1]
pAudExtraction          0x2000a530     0x4  Data  Gb  si_audio_component.o [1]
pAudLowLevel_ObjCtrl    0x20009f84     0x4  Data  Gb  AudioDeviceManager.o [1]
pAudio                  0x2000a630     0x4  Data  Gb  si_tx_audio.o [1]
pAudioDevParms          0x20009f7c     0x4  Data  Gb  AudioDeviceManager.o [1]
pAvi                    0x2000a634     0x4  Data  Gb  si_tx_avi.o [1]
pBTHandle_ObjCtrl       0x2000a2b4     0x4  Data  Gb  BTHandler.o [1]
pBTN_ObjCtrl            0x2000a5b8     0x4  Data  Gb  ButtonCmdDispatcher.o [1]
pCbus                   0x2000a600     0x4  Data  Gb  si_cbus_component.o [1]
pCdc                    0x200092b4     0x4  Data  Gb  si_cdc_component.o [1]
pCec                    0x20009530     0x4  Data  Gb  si_cec_component.o [1]
pCecSwitch              0x2000a414     0x4  Data  Gb  si_cec_switch_api.o [1]
pCon                    0x2000a60c     0x4  Data  Gb  si_connection_monitor.o [1]
pCpi                    0x20009b18     0x4  Data  Gb  si_drv_cpi.o [1]
pCtrlCmd_ObjCtrl        0x2000a5bc     0x4  Data  Gb  CommandsManager.o [1]
pDAP_C_ObjCtrl          0x2000a5e0     0x4  Data  Gb  TAS5713.o [1]
pDAP_LR_ObjCtrl         0x2000a5e4     0x4  Data  Gb  TAS5727.o [1]
pDSP_ObjCtrl            0x2000a5f4     0x4  Data  Gb  cs49844.o [1]
pDrvArc                 0x2000a428     0x4  Data  Gb  si_drv_arc.o [1]
pDrvCbus                0x20009d00     0x4  Data  Gb  si_drv_cbus_main.o [1]
pDrvDevice              0x2000a618     0x4  Data  Gb  si_drv_sii953x.o [1]
pDrvIpv                 0x2000a610     0x4  Data  Gb  si_drv_ipv.o [1]
pDrvNvram               0x2000a614     0x4  Data  Gb  si_drv_nvram_sram.o [1]
pDrvRxAud               0x2000b594     0x4  Data  Gb  si_drv_audio.o [1]
pDrvSwitch              0x2000a208     0x4  Data  Gb  si_drv_msw.o [1]
pEdidTx                 0x20008ac0     0x4  Data  Gb  si_edid_tx_component.o [1]
pGPIOIsr_ObjCtrl        0x2000a5c0     0x4  Data  Gb  GPIOLowLevel.o [1]
pHDMI_DM_ObjCtrl        0x2000a640     0x4  Data  Gb  sk953x_avr_repeater.o [1]
pHS_ObjCtrl             0x2000a5c4     0x4  Data  Gb  HMI_Service.o [1]
pHdcp                   0x2000a638     0x4  Data  Gb  si_tx_hdcp.o [1]
pIRCmdHandle_ObjCtrl    0x2000a5cc     0x4  Data  Gb  IRCmdHandler.o [1]
pIR_LowLevel            0x2000a5d4     0x4  Data  Gb  IRLowLevel.o [1]
pIR_PrgRemote_ObjCtrl   0x2000a5d0     0x4  Data  Gb  IRCmdHandler.o [1]
pInfoFrm                0x2000a63c     0x4  Data  Gb  si_tx_info_frm.o [1]
pIpv                    0x2000a628     0x4  Data  Gb  si_ipv_component.o [1]
pLED_ObjCtrl            0x2000a5c8     0x4  Data  Gb  HT68F30.o [1]
pPowerHandle_ObjCtrl    0x2000a5d8     0x4  Data  Gb  PowerHandler.o [1]
pRFHandle_ObjCtrl       0x2000a520     0x4  Data  Gb  RFHandler.o [1]
pRpt                    0x2000a5a4     0x4  Data  Gb  si_repeater_component.o [1]
pRtpi                   0x2000a0ec     0x4  Data  Gb  si_rtpi_component.o [1]
pSDM_ObjCtrl            0x2000a5dc     0x4  Data  Gb  StorageDeviceManager.o [1]
pSRC_ObjCtrl            0x2000a5fc     0x4  Data  Gb  cs8422.o [1]
pSac                    0x2000a20c     0x4  Data  Gb  si_sac_main.o [1]
pSwitchSetting          0x2000a16c     0x4  Data  Gb  sk_app_repeater.o [1]
pSysTimeCountCurMs      0x2000b648     0x4  Data  Lc  si_cec_timer.o [1]
pSysTimeCountPrvMs      0x2000b64c     0x4  Data  Lc  si_cec_timer.o [1]
pThx                    0x2000a62c     0x4  Data  Gb  si_thx_component.o [1]
pTpi                    0x2000a620     0x4  Data  Gb  si_drv_tpi_system.o [1]
pTx                     0x2000a378     0x4  Data  Gb  si_tx_component.o [1]
pTxRegAccess            0x2000a61c     0x4  Data  Gb  si_drv_tpi_access.o [1]
pUDM_ObjCtrl            0x2000a5ec     0x4  Data  Gb  UIDeviceManager.o [1]
pUIDevParms             0x2000a58c     0x4  Data  Gb  UIDeviceManager.o [1]
pUSB_HD_ObjCtrl         0x2000a644     0x4  Data  Gb  usb_host_device.o [1]
pipeNumber              0x2000b5fe     0x1  Data  Gb  si_drv_repeater.o [1]
platform                0x2000b55c    0x14  Data  Gb  si_platform.o [1]
pluse_duration          0x2000b504     0x2  Data  Gb  IRLowLevel.o [1]
portArray               0x2000a654     0x2  Data  Gb  sk_app_cbus.o [1]
prvAddCurrentTaskToDelayedList
                        0x0800d969    0x32  Code  Lc  tasks.o [1]
prvCheckForValidListAndQueue
                        0x0800e373    0x4c  Code  Lc  timers.o [1]
prvCopyDataFromQueue    0x0800d15f    0x26  Code  Lc  queue.o [1]
prvCopyDataToQueue      0x0800d0f7    0x68  Code  Lc  queue.o [1]
prvIdleTask             0x0800d911    0x58  Code  Lc  tasks.o [1]
prvInsertTimerInActiveList
                        0x0800e23b    0x34  Code  Lc  timers.o [1]
prvProcessReceivedCommands
                        0x0800e26f    0xa2  Code  Lc  timers.o [1]
prvResetNextTaskUnblockTime
                        0x0800d99b    0x1a  Code  Lc  tasks.o [1]
prvSampleTimeNow        0x0800e217    0x24  Code  Lc  timers.o [1]
prvSwitchTimerLists     0x0800e311    0x56  Code  Lc  timers.o [1]
prvTaskExitError        0x0800de65    0x18  Code  Lc  port.o [1]
prvTimerTask            0x0800e185    0x92  Code  Lc  timers.o [1]
prvUnlockQueue          0x0800d185    0x5c  Code  Lc  queue.o [1]
pvPortMalloc            0x0800dbd1    0xa6  Code  Gb  heap_2.o [1]
pwr_state_subsys        0x2000a48c     0x8  Data  Lc  PowerHandler.o [1]
pxCurrentTCB            0x2000b11c     0x4  Data  Gb  tasks.o [1]
pxCurrentTimerList      0x2000b3a8     0x4  Data  Lc  timers.o [1]
pxDelayedTaskList       0x20009bcc     0x4  Data  Lc  tasks.o [1]
pxOverflowDelayedTaskList
                        0x20009bd0     0x4  Data  Lc  tasks.o [1]
pxOverflowTimerList     0x2000b3ac     0x4  Data  Lc  timers.o [1]
pxPortInitialiseStack   0x0800de41    0x24  Code  Gb  port.o [1]
pxReadyTasksLists       0x2000b120    0x78  Data  Lc  tasks.o [1]
ramp_delay              0x20009f30     0x1  Data  Lc  AudioDeviceManager.o [1]
repeaterIns             0x2000b370    0x38  Data  Gb  si_repeater_component.o [1]
req_index               0x2000b60c     0x1  Data  Gb  si_repeater_sha.o [1]
resChngStatus           0x2000b5fc     0x2  Data  Gb  si_drv_repeater.o [1]
retry_timer             0x2000a3e8     0x4  Data  Lc  BTHandler.o [1]
rtpiInitRegs            0x20009a58    0xb0  Data  Gb  si_rtpi_default_reg.o [1]
rtpiInstance            0x2000a0a8     0x4  Data  Gb  si_rtpi_component.o [1]
rtpiRdPtr               0x2000b602     0x1  Data  Gb  si_rtpi_component.o [1]
rtpiRegs                0x2000abe4   0x100  Data  Gb  si_rtpi_component.o [1]
rtpiWrPtr               0x2000b601     0x1  Data  Gb  si_rtpi_component.o [1]
rtpiWriteBuf            0x2000a0ac    0x40  Data  Gb  si_rtpi_component.o [1]
sEEDMA_InitStructure    0x2000b334    0x3c  Data  Lc  I2C1LowLevel.o [1]
sEEDataWritePointer     0x2000a564     0x4  Data  Lc  I2C1LowLevel.o [1]
sEETimeout              0x2000a560     0x4  Data  Lc  I2C1LowLevel.o [1]
sEE_Init                0x080149a3    0x4a  Code  Lc  I2C1LowLevel.o [1]
sEE_Init2               0x08029c51    0xbc  Code  Lc  I2C2LowLevel.o [1]
sEE_LowLevel_DMAConfig  0x0801445b    0x40  Code  Lc  I2C1LowLevel.o [1]
sEE_LowLevel_DeInit     0x0801490b    0x64  Code  Lc  I2C1LowLevel.o [1]
sEE_LowLevel_Init       0x080147e3   0x120  Code  Lc  I2C1LowLevel.o [1]
sEE_TIMEOUT_UserCallback
                        0x080143b9    0x22  Code  Gb  I2C1LowLevel.o [1]
sEE_TIMEOUT_UserCallback2
                        0x08029911    0x70  Code  Gb  I2C2LowLevel.o [1]
sFLASH_ReadBuffer       0x0800dcc1    0x40  Code  Gb  ext_flash_driver.o [1]
sFLASH_SendByte         0x0800dd29    0x2a  Code  Gb  ext_flash_driver.o [1]
sha_request_q           0x2000b604     0x8  Data  Gb  si_repeater_sha.o [1]
signal_overthreshold    0x2000a656     0x1  Data  Lc  cs49844.o [1]
siiIpvAlphaMax          0x2000b684     0x4  Data  Gb  si_ipv_data.o [1]
siiIpvAlphaStep         0x2000b688     0x4  Data  Gb  si_ipv_data.o [1]
siiIpvBorderColorsCrCbY
                        0x2000a4bc    0x10  Data  Gb  si_ipv_data.o [1]
siiIpvBorderEnables     0x2000a598     0x8  Data  Gb  si_ipv_data.o [1]
siiIpvCc                0x0802d04c     0xc  Data  Gb  si_ipv_data.o [1]
siiIpvCs                0x0802d058     0xc  Data  Gb  si_ipv_data.o [1]
siiIpvPipCoords         0x2000a2b8    0x28  Data  Gb  si_ipv_data.o [1]
siiIpvPipSizes          0x20009fec    0x64  Data  Gb  si_ipv_data.o [1]
siiIpvRad               0x0802d064     0x8  Data  Gb  si_ipv_data.o [1]
siiIpvWinSizes          0x20009f88    0x64  Data  Gb  si_ipv_data.o [1]
siiMainWindowSizes      0x2000a2e0    0x28  Data  Gb  si_ipv_data.o [1]
siiTpiInputBusSetupVal  0x2000b68c     0x4  Data  Gb  si_rtpi_component.o [1]
siiTpiSystemControlVal  0x2000b658     0x8  Data  Gb  si_rtpi_component.o [1]
start_time              0x2000a3e4     0x4  Data  Lc  BTHandler.o [1]
strcmp                  0x08025125          Code  Gb  strcmp.o [5]
strlen                  0x08020da9          Code  Gb  strlen.o [5]
sys_ctrl_reg_shadow     0x2000b6a5     0x1  Data  Lc  si_drv_tpi_ddc_access.o [1]
systemMonitorTaskHandle
                        0x2000b670     0x4  Data  Gb  App_main.o [1]
t_sec_formula           0x080161a8     0x8  Data  Lc  si_edid_tx_composer.o [1]
target_volume           0x20009f34     0x1  Data  Lc  AudioDeviceManager.o [1]
testTimer               0x2000b5c4     0xc  Data  Gb  sk_app_tx.o [1]
thxInst                 0x2000af54    0x9c  Data  Gb  si_thx_component.o [1]
thxVSIFHdrs             0x080229b8     0x8  Data  Gb  sk_app_thx.o [1]
txAccessInstRec         0x2000b67c     0x4  Data  Gb  si_drv_tpi_access.o [1]
txInstRec               0x2000a37c    0x20  Data  Gb  si_tx_component.o [1]
txTpiInstRec            0x2000b680     0x4  Data  Gb  si_drv_tpi_system.o [1]
ucHeap                  0x20000018  0x8000  Data  Lc  heap_2.o [1]
ucMaxSysCallPriority    0x2000a524     0x1  Data  Lc  port.o [1]
ulMaxPRIGROUPValue      0x2000a52c     0x4  Data  Lc  port.o [1]
ulPortSetInterruptMask  0x0800dde1          Code  Gb  portasm.o [1]
usart_lowlevel_handler  0x0802c6db    0x46  Code  Gb  UART_LowLevel.o [1]
usart_putchar           0x0800e3d9    0x12  Code  Gb  usb_host_device.o [1]
usbd_cdc_AltSet         0x2000a050     0x4  Data  Lc  usbd_cdc_core.o [1]
usbd_cdc_CfgDesc        0x2000a064    0x44  Data  Gb  usbd_cdc_core.o [1]
usbd_cdc_DataIn         0x0802b87f    0x36  Code  Lc  usbd_cdc_core.o [1]
usbd_cdc_DataOut        0x0802b8b5    0x28  Code  Lc  usbd_cdc_core.o [1]
usbd_cdc_DeInit         0x0802b78f    0x24  Code  Lc  usbd_cdc_core.o [1]
usbd_cdc_EP0_RxReady    0x0802b861    0x1e  Code  Lc  usbd_cdc_core.o [1]
usbd_cdc_Init           0x0802b749    0x46  Code  Lc  usbd_cdc_core.o [1]
usbd_cdc_SOF            0x0802b8dd    0x60  Code  Lc  usbd_cdc_core.o [1]
usbd_cdc_Setup          0x0802b7b3    0xae  Code  Lc  usbd_cdc_core.o [1]
uxCriticalNesting       0x2000a528     0x4  Data  Lc  port.o [1]
uxCurrentNumberOfTasks  0x20009bec     0x4  Data  Lc  tasks.o [1]
uxListRemove            0x0800e025    0x24  Code  Gb  list.o [1]
uxPendedTicks           0x20009bfc     0x4  Data  Lc  tasks.o [1]
uxQueueMessagesWaiting  0x0800d0db    0x14  Code  Gb  queue.o [1]
uxSchedulerSuspended    0x20009bf8     0x4  Data  Lc  tasks.o [1]
uxTaskNumber            0x20009c08     0x4  Data  Lc  tasks.o [1]
uxTasksDeleted          0x20009bd4     0x4  Data  Lc  tasks.o [1]
uxTopReadyPriority      0x2000b198     0x4  Data  Lc  tasks.o [1]
vListInitialise         0x0800dfc1    0x1a  Code  Gb  list.o [1]
vListInsert             0x0800dff3    0x32  Code  Gb  list.o [1]
vListInsertEnd          0x0800dfdb    0x18  Code  Gb  list.o [1]
vPortClearInterruptMask
                        0x0800ddef          Code  Gb  portasm.o [1]
vPortEnableVFP          0x0800de27          Code  Gb  portasm.o [1]
vPortEnterCritical      0x0800df01    0x18  Code  Gb  port.o [1]
vPortExitCritical       0x0800df19    0x18  Code  Gb  port.o [1]
vPortFree               0x0800dc77    0x32  Code  Gb  heap_2.o [1]
vPortSetupTimerInterrupt
                        0x0800df4f    0x18  Code  Wk  port.o [1]
vPortStartFirstTask     0x0800de11          Code  Gb  portasm.o [1]
vPortValidateInterruptPriority
                        0x0800df69    0x34  Code  Gb  port.o [1]
vPortYield              0x0800deef    0x12  Code  Gb  port.o [1]
vQueueAddToRegistry     0x0800d1e1    0x20  Code  Gb  queue.o [1]
vQueueWaitForMessageRestricted
                        0x0800d205    0x38  Code  Gb  queue.o [1]
vTaskDelay              0x0800d3e3    0x36  Code  Gb  tasks.o [1]
vTaskDelete             0x0800d399    0x4a  Code  Gb  tasks.o [1]
vTaskMissedYield        0x0800d907     0x8  Code  Gb  tasks.o [1]
vTaskPlaceOnEventList   0x0800d7c9    0x28  Code  Gb  tasks.o [1]
vTaskPlaceOnEventListRestricted
                        0x0800d809    0x20  Code  Gb  tasks.o [1]
vTaskPriorityDisinherit
                        0x0800da29    0x3e  Code  Gb  tasks.o [1]
vTaskPriorityInherit    0x0800d9d1    0x58  Code  Gb  tasks.o [1]
vTaskPrioritySet        0x0800d419    0x8a  Code  Gb  tasks.o [1]
vTaskResume             0x0800d545    0x58  Code  Gb  tasks.o [1]
vTaskSetTimeOutState    0x0800d89d    0x16  Code  Gb  tasks.o [1]
vTaskStartScheduler     0x0800d5a3    0x52  Code  Gb  tasks.o [1]
vTaskSuspend            0x0800d4a3    0x5a  Code  Gb  tasks.o [1]
vTaskSuspendAll         0x0800d5f5     0xc  Code  Gb  tasks.o [1]
vTaskSwitchContext      0x0800d771    0x58  Code  Gb  tasks.o [1]
videoSourceSelects      0x2000a544     0x4  Data  Lc  si_drv_msw.o [1]
volume_inc              0x20009f33     0x1  Data  Lc  AudioDeviceManager.o [1]
vre_ramp_count          0x20009f48     0x2  Data  Lc  AudioDeviceManager.o [1]
xActiveTimerList1       0x2000b3b4    0x14  Data  Lc  timers.o [1]
xActiveTimerList2       0x2000b3c8    0x14  Data  Lc  timers.o [1]
xDelayedTaskList1       0x20009c10    0x14  Data  Lc  tasks.o [1]
xDelayedTaskList2       0x20009c24    0x14  Data  Lc  tasks.o [1]
xEnd                    0x20000008     0x8  Data  Lc  heap_2.o [1]
xFreeBytesRemaining     0x20000010     0x4  Data  Lc  heap_2.o [1]
xIrDecoderTimeTick      0x2000affc     0x4  Data  Lc  IRLowLevelDecoder.o [1]
xNextTaskUnblockTime    0x20009c0c     0x4  Data  Lc  tasks.o [1]
xNumOfOverflows         0x20009c04     0x4  Data  Lc  tasks.o [1]
xOS_ADM_Parms           0x20009f4c    0x30  Data  Lc  AudioDeviceManager.o [1]
xOS_CS49844             0x2000b3dc    0x28  Data  Lc  cs49844.o [1]
xOS_HDMI_Parms          0x2000a308    0x20  Data  Gb  sk953x_avr_repeater.o [1]
xOS_InfraredIsr         0x2000b4f4    0x10  Data  Gb  IRLowLevel.o [1]
xOS_IrCmd               0x2000b548    0x14  Data  Gb  IRCmdHandler.o [1]
xPendingReadyList       0x20009ba4    0x14  Data  Lc  tasks.o [1]
xPortGetFreeHeapSize    0x0800dca9     0x6  Code  Gb  heap_2.o [1]
xPortStartScheduler     0x0800de7d    0x72  Code  Gb  port.o [1]
xQueueCreateMutex       0x0800cdc3    0x46  Code  Gb  queue.o [1]
xQueueGenericCreate     0x0800cd85    0x3e  Code  Gb  queue.o [1]
xQueueGenericReceive    0x0800cf99   0x110  Code  Gb  queue.o [1]
xQueueGenericReset      0x0800cd1d    0x68  Code  Gb  queue.o [1]
xQueueGenericSend       0x0800ce13   0x102  Code  Gb  queue.o [1]
xQueueGenericSendFromISR
                        0x0800cf15    0x84  Code  Gb  queue.o [1]
xQueueRegistry          0x2000b278    0x40  Data  Gb  queue.o [1]
xSchedulerRunning       0x20009bf4     0x4  Data  Lc  tasks.o [1]
xSiTimer                0x2000b4d0     0x4  Data  Gb  si_timer.o [1]
xStart                  0x20000000     0x8  Data  Lc  heap_2.o [1]
xSuspendedTaskList      0x20009bd8    0x14  Data  Lc  tasks.o [1]
xTaskCheckForTimeOut    0x0800d8b3    0x54  Code  Gb  tasks.o [1]
xTaskGenericCreate      0x0800d23d   0x15c  Code  Gb  tasks.o [1]
xTaskGetCurrentTaskHandle
                        0x0800d9b5     0x6  Code  Gb  tasks.o [1]
xTaskGetSchedulerState  0x0800d9bb    0x16  Code  Gb  tasks.o [1]
xTaskGetTickCount       0x0800d69d     0xc  Code  Gb  tasks.o [1]
xTaskIncrementTick      0x0800d6b1    0xc0  Code  Gb  tasks.o [1]
xTaskIsTaskSuspended    0x0800d51d    0x28  Code  Gb  tasks.o [1]
xTaskRemoveFromEventList
                        0x0800d833    0x4e  Code  Gb  tasks.o [1]
xTaskResumeAll          0x0800d601    0x9c  Code  Gb  tasks.o [1]
xTasksWaitingTermination
                        0x20009bb8    0x14  Data  Lc  tasks.o [1]
xTickCount              0x20009bf0     0x4  Data  Lc  tasks.o [1]
xTimerCreate            0x0800e105    0x3e  Code  Gb  timers.o [1]
xTimerCreateTimerTask   0x0800e0cd    0x38  Code  Gb  timers.o [1]
xTimerGenericCommand    0x0800e143    0x42  Code  Gb  timers.o [1]
xTimerQueue             0x2000b3b0     0x4  Data  Lc  timers.o [1]
xYieldPending           0x20009c00     0x4  Data  Lc  tasks.o [1]


[1] = C:\Users\tony.tsou\Desktop\AmTRAN\Projects\15_K2\DevCode\2\Projects\S4051A\Output\S4051A\Application\Obj
[2] = command line
[3] = dl7M_tln.a
[4] = m7M_tlv.a
[5] = rt7M_tl.a

  140 847 bytes of readonly  code memory
   14 225 bytes of readonly  data memory
   49 064 bytes of readwrite data memory

Errors: none
Warnings: none
