###############################################################################
#                                                                             #
# IAR ANSI C/C++ Compiler V6.30.1.53127/W32 for ARM     11/Nov/2014  19:24:55 #
# Copyright 1999-2011 IAR Systems AB.                                         #
#                                                                             #
#    Cpu mode     =  thumb                                                    #
#    Endian       =  little                                                   #
#    Source file  =  C:\Users\tony.tsou\Desktop\AmTRAN\Projects\15_K2\DevCode #
#                    \2\Libraries\AMT_Drivers\sii953x\application\app_cdc\sk_ #
#                    app_cdc_demo.c                                           #
#    Command line =  C:\Users\tony.tsou\Desktop\AmTRAN\Projects\15_K2\DevCode #
#                    \2\Libraries\AMT_Drivers\sii953x\application\app_cdc\sk_ #
#                    app_cdc_demo.c -D S4051A -D DEBUG -D FREE_RTOS -D        #
#                    STM32F40_41xxx -D USE_STM324xG_EVAL -D                   #
#                    USE_STDPERIPH_DRIVER -D __ARM_CORTEX_MX__ -D             #
#                    IAR_ARM_CM4F -D USE_USB_OTG_FS -lcN                      #
#                    C:\Users\tony.tsou\Desktop\AmTRAN\Projects\15_K2\DevCode #
#                    \2\Projects\S4051A\EWARM\..\Output\S4051A\Application\Li #
#                    st\ -o C:\Users\tony.tsou\Desktop\AmTRAN\Projects\15_K2\ #
#                    DevCode\2\Projects\S4051A\EWARM\..\Output\S4051A\Applica #
#                    tion\Obj\ --debug --endian=little --cpu=Cortex-M4 -e     #
#                    --fpu=VFPv4_sp --dlib_config "C:\Program Files           #
#                    (x86)\IAR Systems\Embedded Workbench                     #
#                    6.0\arm\INC\c\DLib_Config_Normal.h" -I                   #
#                    C:\Users\tony.tsou\Desktop\AmTRAN\Projects\15_K2\DevCode #
#                    \2\Projects\S4051A\EWARM\inc\ -I                         #
#                    C:\Users\tony.tsou\Desktop\AmTRAN\Projects\15_K2\DevCode #
#                    \2\Projects\S4051A\EWARM\..\App_SRC\ -I                  #
#                    C:\Users\tony.tsou\Desktop\AmTRAN\Projects\15_K2\DevCode #
#                    \2\Projects\S4051A\EWARM\..\App_SRC\Include\ -I          #
#                    C:\Users\tony.tsou\Desktop\AmTRAN\Projects\15_K2\DevCode #
#                    \2\Projects\S4051A\EWARM\..\App_SRC\SERVICES\ -I         #
#                    C:\Users\tony.tsou\Desktop\AmTRAN\Projects\15_K2\DevCode #
#                    \2\Projects\S4051A\EWARM\..\App_SRC\SERVICES\USB_HD\inc\ #
#                     -I C:\Users\tony.tsou\Desktop\AmTRAN\Projects\15_K2\Dev #
#                    Code\2\Projects\S4051A\EWARM\..\App_SRC\SERVICES\USB_HD\ #
#                    src\ -I C:\Users\tony.tsou\Desktop\AmTRAN\Projects\15_K2 #
#                    \DevCode\2\Projects\S4051A\EWARM\..\App_SRC\SERVICES\wav #
#                    ePlayer\ -I C:\Users\tony.tsou\Desktop\AmTRAN\Projects\1 #
#                    5_K2\DevCode\2\Projects\S4051A\EWARM\..\App_SRC\Managers #
#                    \ -I C:\Users\tony.tsou\Desktop\AmTRAN\Projects\15_K2\De #
#                    vCode\2\Projects\S4051A\EWARM\..\App_SRC\Dispatchers\    #
#                    -I C:\Users\tony.tsou\Desktop\AmTRAN\Projects\15_K2\DevC #
#                    ode\2\Projects\S4051A\EWARM\..\..\..\Libraries\CMSIS\Inc #
#                    lude\ -I C:\Users\tony.tsou\Desktop\AmTRAN\Projects\15_K #
#                    2\DevCode\2\Projects\S4051A\EWARM\..\..\..\Libraries\CMS #
#                    IS\Device\ST\STM32F4xx\Include\ -I                       #
#                    C:\Users\tony.tsou\Desktop\AmTRAN\Projects\15_K2\DevCode #
#                    \2\Projects\S4051A\EWARM\..\..\..\Libraries\STM32F4xx_St #
#                    dPeriph_Driver\inc\ -I C:\Users\tony.tsou\Desktop\AmTRAN #
#                    \Projects\15_K2\DevCode\2\Projects\S4051A\EWARM\..\..\.. #
#                    \Libraries\FreeRTOS\Source\portable\IAR\ARM_CM4F\ -I     #
#                    C:\Users\tony.tsou\Desktop\AmTRAN\Projects\15_K2\DevCode #
#                    \2\Projects\S4051A\EWARM\..\..\..\Libraries\FreeRTOS\Sou #
#                    rce\include\ -I C:\Users\tony.tsou\Desktop\AmTRAN\Projec #
#                    ts\15_K2\DevCode\2\Projects\S4051A\EWARM\..\..\..\Librar #
#                    ies\FreeRTOS\Source\ -I C:\Users\tony.tsou\Desktop\AmTRA #
#                    N\Projects\15_K2\DevCode\2\Projects\S4051A\EWARM\..\..\. #
#                    .\Libraries\STM32_USB_OTG_Driver\inc\ -I                 #
#                    C:\Users\tony.tsou\Desktop\AmTRAN\Projects\15_K2\DevCode #
#                    \2\Projects\S4051A\EWARM\..\..\..\Libraries\STM32_USB_De #
#                    vice_Library\Core\inc\ -I C:\Users\tony.tsou\Desktop\AmT #
#                    RAN\Projects\15_K2\DevCode\2\Projects\S4051A\EWARM\..\.. #
#                    \..\Libraries\STM32_USB_Device_Library\Class\cdc\inc\    #
#                    -I C:\Users\tony.tsou\Desktop\AmTRAN\Projects\15_K2\DevC #
#                    ode\2\Projects\S4051A\EWARM\..\..\..\Libraries\STM32_USB #
#                    _HOST_Library\Core\inc\ -I C:\Users\tony.tsou\Desktop\Am #
#                    TRAN\Projects\15_K2\DevCode\2\Projects\S4051A\EWARM\..\. #
#                    .\..\Libraries\STM32_USB_HOST_Library\Class\MSC\inc\ -I  #
#                    C:\Users\tony.tsou\Desktop\AmTRAN\Projects\15_K2\DevCode #
#                    \2\Projects\S4051A\EWARM\..\..\..\Utilities\Third_Party\ #
#                    efsl\inc\ -I C:\Users\tony.tsou\Desktop\AmTRAN\Projects\ #
#                    15_K2\DevCode\2\Projects\S4051A\EWARM\..\..\..\Utilities #
#                    \Third_Party\fat_fs\inc\ -I                              #
#                    C:\Users\tony.tsou\Desktop\AmTRAN\Projects\15_K2\DevCode #
#                    \2\Projects\S4051A\EWARM\..\..\..\Utilities\mainstream_v #
#                    1\stm32f411\ -I C:\Users\tony.tsou\Desktop\AmTRAN\Projec #
#                    ts\15_K2\DevCode\2\Projects\S4051A\EWARM\..\..\..\Utilit #
#                    ies\mainstream_v1\stm32f411\it\ -I                       #
#                    C:\Users\tony.tsou\Desktop\AmTRAN\Projects\15_K2\DevCode #
#                    \2\Projects\S4051A\EWARM\..\..\..\Libraries\AMT_Drivers\ #
#                    EXT_FLASH\ -I C:\Users\tony.tsou\Desktop\AmTRAN\Projects #
#                    \15_K2\DevCode\2\Projects\S4051A\EWARM\..\..\..\Librarie #
#                    s\AMT_Drivers\TAS5727\ -I C:\Users\tony.tsou\Desktop\AmT #
#                    RAN\Projects\15_K2\DevCode\2\Projects\S4051A\EWARM\..\.. #
#                    \..\Libraries\AMT_Drivers\TAS5711\ -I                    #
#                    C:\Users\tony.tsou\Desktop\AmTRAN\Projects\15_K2\DevCode #
#                    \2\Projects\S4051A\EWARM\..\..\..\Libraries\AMT_Drivers\ #
#                    TAS5707\ -I C:\Users\tony.tsou\Desktop\AmTRAN\Projects\1 #
#                    5_K2\DevCode\2\Projects\S4051A\EWARM\..\..\..\Libraries\ #
#                    AMT_Drivers\TAS5713\ -I C:\Users\tony.tsou\Desktop\AmTRA #
#                    N\Projects\15_K2\DevCode\2\Projects\S4051A\EWARM\..\..\. #
#                    .\Libraries\AMT_Drivers\CS49844\ -I                      #
#                    C:\Users\tony.tsou\Desktop\AmTRAN\Projects\15_K2\DevCode #
#                    \2\Projects\S4051A\EWARM\..\..\..\Libraries\AMT_Drivers\ #
#                    CS8422\ -I C:\Users\tony.tsou\Desktop\AmTRAN\Projects\15 #
#                    _K2\DevCode\2\Projects\S4051A\EWARM\..\..\..\Libraries\A #
#                    MT_Drivers\CS5346\ -I C:\Users\tony.tsou\Desktop\AmTRAN\ #
#                    Projects\15_K2\DevCode\2\Projects\S4051A\EWARM\..\..\..\ #
#                    Libraries\AMT_Drivers\OTI3368\ -I                        #
#                    C:\Users\tony.tsou\Desktop\AmTRAN\Projects\15_K2\DevCode #
#                    \2\Projects\S4051A\EWARM\..\..\..\Libraries\AMT_Drivers\ #
#                    HT68F30\ -I C:\Users\tony.tsou\Desktop\AmTRAN\Projects\1 #
#                    5_K2\DevCode\2\Projects\S4051A\EWARM\..\..\..\Libraries\ #
#                    AMT_Drivers\BTM640\ -I C:\Users\tony.tsou\Desktop\AmTRAN #
#                    \Projects\15_K2\DevCode\2\Projects\S4051A\EWARM\..\..\.. #
#                    \Libraries\AMT_Drivers\sii953x\application\ -I           #
#                    C:\Users\tony.tsou\Desktop\AmTRAN\Projects\15_K2\DevCode #
#                    \2\Projects\S4051A\EWARM\..\..\..\Libraries\AMT_Drivers\ #
#                    sii953x\application\app_ipv\ -I                          #
#                    C:\Users\tony.tsou\Desktop\AmTRAN\Projects\15_K2\DevCode #
#                    \2\Projects\S4051A\EWARM\..\..\..\Libraries\AMT_Drivers\ #
#                    sii953x\application\app_cbus\ -I                         #
#                    C:\Users\tony.tsou\Desktop\AmTRAN\Projects\15_K2\DevCode #
#                    \2\Projects\S4051A\EWARM\..\..\..\Libraries\AMT_Drivers\ #
#                    sii953x\application\app_cdc\ -I                          #
#                    C:\Users\tony.tsou\Desktop\AmTRAN\Projects\15_K2\DevCode #
#                    \2\Projects\S4051A\EWARM\..\..\..\Libraries\AMT_Drivers\ #
#                    sii953x\application\app_cec\ -I                          #
#                    C:\Users\tony.tsou\Desktop\AmTRAN\Projects\15_K2\DevCode #
#                    \2\Projects\S4051A\EWARM\..\..\..\Libraries\AMT_Drivers\ #
#                    sii953x\application\app_arc\ -I                          #
#                    C:\Users\tony.tsou\Desktop\AmTRAN\Projects\15_K2\DevCode #
#                    \2\Projects\S4051A\EWARM\..\..\..\Libraries\AMT_Drivers\ #
#                    sii953x\application\app_diag\ -I                         #
#                    C:\Users\tony.tsou\Desktop\AmTRAN\Projects\15_K2\DevCode #
#                    \2\Projects\S4051A\EWARM\..\..\..\Libraries\AMT_Drivers\ #
#                    sii953x\application\app_msw\ -I                          #
#                    C:\Users\tony.tsou\Desktop\AmTRAN\Projects\15_K2\DevCode #
#                    \2\Projects\S4051A\EWARM\..\..\..\Libraries\AMT_Drivers\ #
#                    sii953x\application\app_osd\ -I                          #
#                    C:\Users\tony.tsou\Desktop\AmTRAN\Projects\15_K2\DevCode #
#                    \2\Projects\S4051A\EWARM\..\..\..\Libraries\AMT_Drivers\ #
#                    sii953x\component\ -I C:\Users\tony.tsou\Desktop\AmTRAN\ #
#                    Projects\15_K2\DevCode\2\Projects\S4051A\EWARM\..\..\..\ #
#                    Libraries\AMT_Drivers\sii953x\component\tx\ -I           #
#                    C:\Users\tony.tsou\Desktop\AmTRAN\Projects\15_K2\DevCode #
#                    \2\Projects\S4051A\EWARM\..\..\..\Libraries\AMT_Drivers\ #
#                    sii953x\component\repeater_avr\ -I                       #
#                    C:\Users\tony.tsou\Desktop\AmTRAN\Projects\15_K2\DevCode #
#                    \2\Projects\S4051A\EWARM\..\..\..\Libraries\AMT_Drivers\ #
#                    sii953x\component\video_tables\ -I                       #
#                    C:\Users\tony.tsou\Desktop\AmTRAN\Projects\15_K2\DevCode #
#                    \2\Projects\S4051A\EWARM\..\..\..\Libraries\AMT_Drivers\ #
#                    sii953x\component\audio_rx\ -I                           #
#                    C:\Users\tony.tsou\Desktop\AmTRAN\Projects\15_K2\DevCode #
#                    \2\Projects\S4051A\EWARM\..\..\..\Libraries\AMT_Drivers\ #
#                    sii953x\component\edid_tx\ -I                            #
#                    C:\Users\tony.tsou\Desktop\AmTRAN\Projects\15_K2\DevCode #
#                    \2\Projects\S4051A\EWARM\..\..\..\Libraries\AMT_Drivers\ #
#                    sii953x\component\debugger_hdmigear\ -I                  #
#                    C:\Users\tony.tsou\Desktop\AmTRAN\Projects\15_K2\DevCode #
#                    \2\Projects\S4051A\EWARM\..\..\..\Libraries\AMT_Drivers\ #
#                    sii953x\component\cbus\ -I C:\Users\tony.tsou\Desktop\Am #
#                    TRAN\Projects\15_K2\DevCode\2\Projects\S4051A\EWARM\..\. #
#                    .\..\Libraries\AMT_Drivers\sii953x\component\rtpi\ -I    #
#                    C:\Users\tony.tsou\Desktop\AmTRAN\Projects\15_K2\DevCode #
#                    \2\Projects\S4051A\EWARM\..\..\..\Libraries\AMT_Drivers\ #
#                    sii953x\component\cdc\ -I C:\Users\tony.tsou\Desktop\AmT #
#                    RAN\Projects\15_K2\DevCode\2\Projects\S4051A\EWARM\..\.. #
#                    \..\Libraries\AMT_Drivers\sii953x\component\cec_manager\ #
#                     -I C:\Users\tony.tsou\Desktop\AmTRAN\Projects\15_K2\Dev #
#                    Code\2\Projects\S4051A\EWARM\..\..\..\Libraries\AMT_Driv #
#                    ers\sii953x\component\thx\ -I                            #
#                    C:\Users\tony.tsou\Desktop\AmTRAN\Projects\15_K2\DevCode #
#                    \2\Projects\S4051A\EWARM\..\..\..\Libraries\AMT_Drivers\ #
#                    sii953x\component\ipv\ -I C:\Users\tony.tsou\Desktop\AmT #
#                    RAN\Projects\15_K2\DevCode\2\Projects\S4051A\EWARM\..\.. #
#                    \..\Libraries\AMT_Drivers\sii953x\component\osd\ -I      #
#                    C:\Users\tony.tsou\Desktop\AmTRAN\Projects\15_K2\DevCode #
#                    \2\Projects\S4051A\EWARM\..\..\..\Libraries\AMT_Drivers\ #
#                    sii953x\component\cec_switch\ -I                         #
#                    C:\Users\tony.tsou\Desktop\AmTRAN\Projects\15_K2\DevCode #
#                    \2\Projects\S4051A\EWARM\..\..\..\Libraries\AMT_Drivers\ #
#                    sii953x\component\cec_system_audio_control\ -I           #
#                    C:\Users\tony.tsou\Desktop\AmTRAN\Projects\15_K2\DevCode #
#                    \2\Projects\S4051A\EWARM\..\..\..\Libraries\AMT_Drivers\ #
#                    sii953x\driver\ -I C:\Users\tony.tsou\Desktop\AmTRAN\Pro #
#                    jects\15_K2\DevCode\2\Projects\S4051A\EWARM\..\..\..\Lib #
#                    raries\AMT_Drivers\sii953x\driver\audio_mix_drv\ -I      #
#                    C:\Users\tony.tsou\Desktop\AmTRAN\Projects\15_K2\DevCode #
#                    \2\Projects\S4051A\EWARM\..\..\..\Libraries\AMT_Drivers\ #
#                    sii953x\driver\sii953x_drv\ -I                           #
#                    C:\Users\tony.tsou\Desktop\AmTRAN\Projects\15_K2\DevCode #
#                    \2\Projects\S4051A\EWARM\..\..\..\Libraries\AMT_Drivers\ #
#                    sii953x\driver\cra_drv\ -I C:\Users\tony.tsou\Desktop\Am #
#                    TRAN\Projects\15_K2\DevCode\2\Projects\S4051A\EWARM\..\. #
#                    .\..\Libraries\AMT_Drivers\sii953x\driver\matrix_sw_drv\ #
#                     -I C:\Users\tony.tsou\Desktop\AmTRAN\Projects\15_K2\Dev #
#                    Code\2\Projects\S4051A\EWARM\..\..\..\Libraries\AMT_Driv #
#                    ers\sii953x\driver\nvram_sram_drv\ -I                    #
#                    C:\Users\tony.tsou\Desktop\AmTRAN\Projects\15_K2\DevCode #
#                    \2\Projects\S4051A\EWARM\..\..\..\Libraries\AMT_Drivers\ #
#                    sii953x\driver\tpi_drv\ -I C:\Users\tony.tsou\Desktop\Am #
#                    TRAN\Projects\15_K2\DevCode\2\Projects\S4051A\EWARM\..\. #
#                    .\..\Libraries\AMT_Drivers\sii953x\driver\audio_rx_drv\  #
#                    -I C:\Users\tony.tsou\Desktop\AmTRAN\Projects\15_K2\DevC #
#                    ode\2\Projects\S4051A\EWARM\..\..\..\Libraries\AMT_Drive #
#                    rs\sii953x\driver\repeater_avr_drv\ -I                   #
#                    C:\Users\tony.tsou\Desktop\AmTRAN\Projects\15_K2\DevCode #
#                    \2\Projects\S4051A\EWARM\..\..\..\Libraries\AMT_Drivers\ #
#                    sii953x\driver\gpio_drv\ -I                              #
#                    C:\Users\tony.tsou\Desktop\AmTRAN\Projects\15_K2\DevCode #
#                    \2\Projects\S4051A\EWARM\..\..\..\Libraries\AMT_Drivers\ #
#                    sii953x\driver\tpg_drv\ -I C:\Users\tony.tsou\Desktop\Am #
#                    TRAN\Projects\15_K2\DevCode\2\Projects\S4051A\EWARM\..\. #
#                    .\..\Libraries\AMT_Drivers\sii953x\driver\cbus_drv\ -I   #
#                    C:\Users\tony.tsou\Desktop\AmTRAN\Projects\15_K2\DevCode #
#                    \2\Projects\S4051A\EWARM\..\..\..\Libraries\AMT_Drivers\ #
#                    sii953x\driver\cpi_drv\ -I C:\Users\tony.tsou\Desktop\Am #
#                    TRAN\Projects\15_K2\DevCode\2\Projects\S4051A\EWARM\..\. #
#                    .\..\Libraries\AMT_Drivers\sii953x\driver\arc_drv\ -I    #
#                    C:\Users\tony.tsou\Desktop\AmTRAN\Projects\15_K2\DevCode #
#                    \2\Projects\S4051A\EWARM\..\..\..\Libraries\AMT_Drivers\ #
#                    sii953x\driver\osd_drv\ -I C:\Users\tony.tsou\Desktop\Am #
#                    TRAN\Projects\15_K2\DevCode\2\Projects\S4051A\EWARM\..\. #
#                    .\..\Libraries\AMT_Drivers\sii953x\driver\ipv_drv\ -I    #
#                    C:\Users\tony.tsou\Desktop\AmTRAN\Projects\15_K2\DevCode #
#                    \2\Projects\S4051A\EWARM\..\..\..\Libraries\AMT_Drivers\ #
#                    sii953x\platform\hal\ir_remote\ -I                       #
#                    C:\Users\tony.tsou\Desktop\AmTRAN\Projects\15_K2\DevCode #
#                    \2\Projects\S4051A\EWARM\..\..\..\Libraries\AMT_Drivers\ #
#                    sii953x\platform\hal\eeprom\ -I                          #
#                    C:\Users\tony.tsou\Desktop\AmTRAN\Projects\15_K2\DevCode #
#                    \2\Projects\S4051A\EWARM\..\..\..\Libraries\AMT_Drivers\ #
#                    sii953x\platform\hal\timer\ -I                           #
#                    C:\Users\tony.tsou\Desktop\AmTRAN\Projects\15_K2\DevCode #
#                    \2\Projects\S4051A\EWARM\..\..\..\Libraries\AMT_Drivers\ #
#                    sii953x\platform\hal\i2c\ -I                             #
#                    C:\Users\tony.tsou\Desktop\AmTRAN\Projects\15_K2\DevCode #
#                    \2\Projects\S4051A\EWARM\..\..\..\Libraries\AMT_Drivers\ #
#                    sii953x\platform\osal\timer\ -I                          #
#                    C:\Users\tony.tsou\Desktop\AmTRAN\Projects\15_K2\DevCode #
#                    \2\Projects\S4051A\EWARM\..\..\..\Libraries\AMT_Drivers\ #
#                    sii953x\platform\board\ -Ohz -I "C:\Program Files        #
#                    (x86)\IAR Systems\Embedded Workbench                     #
#                    6.0\arm\CMSIS\Include\"                                  #
#    List file    =  C:\Users\tony.tsou\Desktop\AmTRAN\Projects\15_K2\DevCode #
#                    \2\Projects\S4051A\EWARM\..\Output\S4051A\Application\Li #
#                    st\sk_app_cdc_demo.lst                                   #
#    Object file  =  C:\Users\tony.tsou\Desktop\AmTRAN\Projects\15_K2\DevCode #
#                    \2\Projects\S4051A\EWARM\..\Output\S4051A\Application\Ob #
#                    j\sk_app_cdc_demo.o                                      #
#                                                                             #
#                                                                             #
###############################################################################

C:\Users\tony.tsou\Desktop\AmTRAN\Projects\15_K2\DevCode\2\Libraries\AMT_Drivers\sii953x\application\app_cdc\sk_app_cdc_demo.c
      1          //***************************************************************************
      2          //!file     sk_app_cdc_demo.c
      3          //!brief    Built-in Demo manager
      4          //
      5          // No part of this work may be reproduced, modified, distributed,
      6          // transmitted, transcribed, or translated into any language or computer
      7          // format, in any form or by any means without written permission of
      8          // Silicon Image, Inc., 1140 East Arques Avenue, Sunnyvale, California 94085
      9          //
     10          // Copyright 2011, Silicon Image, Inc.  All rights reserved.
     11          //***************************************************************************/
     12          
     13          #if INC_CDC
     14          #include "si_timer.h"
     15          #include "sk_application.h"
     16          
     17          #include "si_cdc_heac.h"
     18          #include "si_cdc_component.h"
     19          #include "si_cec_component.h"
     20          
     21          //------------------------------------------------------------------------------
     22          // Function:    DemoCdcInfoPrint
     23          // Description: Show current CDC status
     24          //------------------------------------------------------------------------------
     25          
     26          static void DemoCdcInfoPrint ( void )
     27          {
     28              int i;
     29              char *pStateStr;
     30              CdcHecDescriptor_t  *pHec            = SiiCdcHecRecordsGet();
     31              CdcPhysAddrTime_t   *pAliveDevice    = SiiCdcAliveDeviceListGet();
     32              CdcFoundListEntry_t *pFoundHostsList = SiiCdcFoundHostListGet();
     33          
     34              // show HEC list
     35              DEBUG_PRINT( MSG_STAT, "\n-------- HEC List --------\n" );
     36              for (i = 0; i < CDC_NUMBER_OF_HECS_MAX; i++)
     37              {
     38                  if (pHec[i].status.isInUse == true)
     39                  {
     40                      switch (pHec[i].status.channelState)
     41                      {
     42                          default:
     43                          case CDC_PHEC:
     44                              pStateStr = "PHEC";
     45                              break;
     46                          case CDC_VHEC:
     47                              pStateStr = "VHEC";
     48                              break;
     49                          case CDC_AHEC:
     50                              pStateStr = "AHEC";
     51                              break;
     52                      }
     53          
     54                      DEBUG_PRINT(
     55                          MSG_STAT,
     56                          "%04x >> %04x, act: %04x, typ: %s, state: %s\n",
     57                          pHec[i].firstDevPhysAddr,
     58                          pHec[i].lastDevPhysAddr,
     59                          pHec[i].activatorPhysAddr,
     60                          pHec[i].status.isAdjacent ? "adjacent" : "normal",
     61                          pStateStr );
     62                  }
     63              }
     64          
     65              // show alive list
     66              DEBUG_PRINT( MSG_STAT, "-------- Alive List --------\n" );
     67              for (i = 0; i < CDC_NUMBER_OF_DEVICES_MAX; i++)
     68              {
     69                  if (pAliveDevice[i].physAddr != 0xFFFF)
     70                  {
     71                      DEBUG_PRINT(
     72                          MSG_STAT,
     73                          "%04x, left: %d s\n",
     74                          pAliveDevice[i].physAddr,
     75                          CdcTimeCounterLeftSecGet(&pAliveDevice[i].TimeCount)
     76                          );
     77                  }
     78          
     79              }
     80          
     81              // show found devices list
     82              DEBUG_PRINT( MSG_STAT, "-------- Found Devices List --------\n" );
     83          
     84              for (i = 0; i < SiiCdcNumberOfFoundHostsGet(); i++)
     85              {
     86                  DEBUG_PRINT( MSG_STAT, "%04x [h = %d, e = %d, sel = %d]\n",
     87                      pFoundHostsList[i].physAddr,
     88                      (int) pFoundHostsList[i].devStat.hostFuncState,
     89                      (int) pFoundHostsList[i].devStat.encFuncState,
     90                      (int) pFoundHostsList[i].hostInfo.isSelected );
     91              }
     92          
     93          }
     94          
     95          //------------------------------------------------------------------------------
     96          // Function:    DemoCdcInquireStateTest
     97          // Description: Sends InquireState CDC message
     98          //------------------------------------------------------------------------------
     99          
    100          static void DemoCdcInquireStateTest ( void )
    101          {
    102              uint8_t hecIdx;
    103              CdcHecDescriptor_t  *pHec     = SiiCdcHecRecordsGet();
    104              uint16_t             physAddr = SiiCdcPhysAddrGet();
    105          
    106              hecIdx = CdcHecDescriptorAdd(true);
    107          
    108              pHec[hecIdx].activatorPhysAddr = physAddr;
    109              pHec[hecIdx].firstDevPhysAddr  = physAddr;
    110              pHec[hecIdx].lastDevPhysAddr  = 0x2000; // TE ID1 (HEACT Table 7-1)
    111          
    112              CdcHecInquireStateSend(hecIdx);
    113          
    114              DEBUG_PRINT(
    115                  MSG_STAT,
    116                  "InquireState sent to HEC %d [%04x,%04x]\n",
    117                  (int)hecIdx,
    118                  pHec[hecIdx].firstDevPhysAddr,
    119                  pHec[hecIdx].lastDevPhysAddr );
    120          
    121              CdcHecDescriptorRemove(hecIdx);
    122          }
    123          
    124          
    125          //------------------------------------------------------------------------------
    126          // Function:    DemoCdcSingleDeviceConnectTest
    127          // Description: Activates and Deactivates HECs to the devices from
    128          //              the device found list
    129          //------------------------------------------------------------------------------
    130          
    131          static void DemoCdcSingleDeviceConnectTest ( uint8_t devIndex )
    132          {
    133              CdcFoundListEntry_t *pFoundHostsList = SiiCdcFoundHostListGet();
    134              uint16_t             physAddr        = SiiCdcPhysAddrGet();
    135          
    136              if (CdcHecIndexGet(physAddr, physAddr, pFoundHostsList[devIndex].physAddr) == 0xFF)
    137              {
    138                  SiiCdcDeviceConnect( false, physAddr, pFoundHostsList[devIndex].physAddr);
    139                  DEBUG_PRINT(
    140                      MSG_STAT,
    141                      "TEST: Activation of a HEC %d [%04x,%04x]\n",
    142                      (int)devIndex,
    143                      physAddr,
    144                      pFoundHostsList[devIndex].physAddr );
    145              }
    146              else
    147              {
    148                  SiiCdcDeviceDisconnect( false, physAddr, physAddr, pFoundHostsList[devIndex].physAddr);
    149                  DEBUG_PRINT(
    150                      MSG_STAT,
    151                      "TEST: Deactivation of a HEC %d [%04x,%04x]\n",
    152                      (int) devIndex,
    153                      physAddr,
    154                      pFoundHostsList[devIndex].physAddr );
    155              }
    156          }
    157          
    158          //------------------------------------------------------------------------------
    159          // Function:    DemoCdc
    160          // Description: CDC demo command options
    161          // Returns:
    162          //------------------------------------------------------------------------------
    163          
    164          bool_t SkAppCdcDemo ( RC5Commands_t key )
    165          {
    166              uint8_t digit;
    167          
    168              switch ( key )
    169              {
    170          #if (PHILIPS_REMOTE == 1)
    171                  case RC5_CC_SUBTITLE:
    172          #else
    173                  case RC5_HELP:
    174          #endif
    175                      DEBUG_PRINT( MSG_ALWAYS, "\nCDC Demo\n" );
    176                      DEBUG_PRINT( MSG_ALWAYS, "--------\n" );
    177                      DEBUG_PRINT( MSG_ALWAYS, ccDisplayThisMenuMsg );
    178                      DEBUG_PRINT( MSG_ALWAYS, returnToMainDemoMsg );
    179                      DEBUG_PRINT( MSG_ALWAYS, "1 - CDC Information display\n" );
    180                      DEBUG_PRINT( MSG_ALWAYS, "2 - CDC Discovery\n" );
    181                      DEBUG_PRINT( MSG_ALWAYS, "3 - CDC Inquire State Test\n" );
    182                      DEBUG_PRINT( MSG_ALWAYS, "4 - CDC Connect to all found devices\n" );
    183                      DEBUG_PRINT( MSG_ALWAYS, "5 - CDC Disconnect from all devices\n" );
    184                      DEBUG_PRINT( MSG_ALWAYS, "6 - CDC Connect to a single device\n" );
    185                      DEBUG_PRINT( MSG_ALWAYS, "7 - CDC Connect to adjacent device at PA 2000\n" );
    186                      DEBUG_PRINT( MSG_ALWAYS, "8 - CDC Disconnect from adjacent device at PA 2000\n" );
    187                      DEBUG_PRINT( MSG_ALWAYS, "9 - CDC HPD Enable/Disable\n" );
    188                      break;
    189          
    190                  case 0:
    191                      app.demoMenuLevel = 0;
    192                      DEBUG_PRINT( MSG_ALWAYS, demoMenuExit );
    193                      break;
    194                  case RC5_1:
    195                      DemoCdcInfoPrint();
    196                      break;
    197                  case RC5_2:
    198                      SiiCdcSrvHostsFind();
    199                      break;
    200                  case RC5_3:
    201                      DemoCdcInquireStateTest();
    202                      break;
    203                  case RC5_4:
    204                      SiiCdcDeviceConnect(true, 0, 0);
    205                      break;
    206                  case RC5_5:
    207                      SiiCdcDeviceDisconnect(true, 0, 0, 0);
    208                      break;
    209                  case RC5_6:
    210                      DEBUG_PRINT( MSG_ALWAYS, " Device number (0-9): " );
    211                      digit = SkAppIrGetSingleDigit( 9 );
    212                      DemoCdcSingleDeviceConnectTest( digit );
    213                      break;
    214                  case RC5_7:
    215                      SiiCdcDeviceAdjacentConnect(0x2000);
    216                      break;
    217                  case RC5_8:
    218                      SiiCdcDeviceAdjacentDisconnect(0x2000);
    219                      break;
    220                  case RC5_9:
    221                      DEBUG_PRINT( MSG_ALWAYS, " Enable/Disable(1/0): " );
    222                      digit = SkAppIrGetSingleDigit( 1 );
    223                      SiiCdcHpdSetState( SiiPORT_0, digit ? CDC_HPD_CP_AND_EDID_ENABLE : CDC_HPD_CP_AND_EDID_DISABLE);
    224                      break;
    225                  default:
    226                      break;
    227              }
    228          
    229              return( false );
    230          }
    231          
    232          #else
    233          char cdcDemo;   // Avoids compiler warning of empty translation unit
    234          #endif          // #if INC_APP_CDC == 1


   Section sizes:

   Bytes  Function/Label
   -----  --------------
       1  cdcDemo

 
 1 byte in section .bss
 
 1 byte of DATA memory

Errors: none
Warnings: none
